HTTP Error 401 at /api/admin/plans/: {"status_code": 401, "path": "/api/admin/plans/", "method": "GET", "user": "AnonymousUser", "request_body": null, "response_payload": {"detail": "Authentication credentials were not provided."}}
HTTP Error 401 at /api/auth/me/: {"status_code": 401, "path": "/api/auth/me/", "method": "GET", "user": "AnonymousUser", "request_body": null, "response_payload": {"detail": "Authentication credentials were not provided."}}
HTTP Error 401 at /api/occasions/d8f22b91-c553-405d-9689-f8f2d91dd430/gallery-signature/: {"status_code": 401, "path": "/api/occasions/d8f22b91-c553-405d-9689-f8f2d91dd430/gallery-signature/", "method": "POST", "user": "AnonymousUser", "request_body": "{\"estimated_file_size\":2482409}", "response_payload": {"detail": "Authentication credentials were not provided."}}
HTTP Error 400 at /api/public/occasions/jj-memorial/messages/submit/: {"status_code": 400, "path": "/api/public/occasions/jj-memorial/messages/submit/", "method": "POST", "user": "AnonymousUser", "request_body": "{\"sender_first_name\":\"SS\",\"sender_last_name\":\"JJ\",\"relationship\":\"Friend\",\"message\":\"I will miss you. A\",\"media\":[{\"media_type\":\"image\",\"image_url\":\"https://res.cloudinary.com/diuu6juk2/image/upload/v1782266144/occasion_gallery/d8f22b91-c553-405d-9689-f8f2d91dd430/ctsjhcquqvd6hlbqy2qp.png\",\"file_size\":2482409}]}", "response_payload": {"detail": "Validation failed.", "errors": {"media": [{"media_type": ["\"image\" is not a valid choice."], "url": ["This field is required."]}]}}}
HTTP Error 500 at /api/occasions/: {"status_code": 500, "path": "/api/occasions/", "method": "GET", "user": "admin@test.com", "request_body": null, "response_payload": "OperationalError at /api/occasions/\nfailed to resolve host 'aws-1-eu-central-1.pooler.supabase.com': [Errno 8] nodename nor servname provided, or not known\n\nRequest Method: GET\nRequest URL: http://localhost:8000/api/occasions/\nDjango Version: 5.1.15\nPython Executable: /Users/sunday/Documents/Project/Memory Product/backend/venv/bin/python\nPython Version: 3.12.11\nPython Path: ['/Users/sunday/Documents/Project/Memory Product/backend', '/opt/homebrew/Cellar/python@3.12/3.12.11/Frameworks/Python.framework/Versions/3.12/lib/python312.zip', '/opt/homebrew/Cellar/python@3.12/3.12.11/Frameworks/Python.framework/Versions/3.12/lib/python3.12', '/opt/homebrew/Cellar/python@3.12/3.12.11/Frameworks/Python.framework/Versions/3.12/lib/python3.12/lib-dynload', '/Users/sunday/Documents/Project/Memory Product/backend/venv/lib/python3.12/site-packages']\nServer time: Wed, 24 Jun 2026 02:01:42 +0000\nInstalled Applications:\n['django.contrib.admin',\n 'django.contrib.auth',\n 'django.contrib.contenttypes',\n 'django.contrib.sessions',\n 'django.contrib.messages',\n 'django.contrib.staticfiles',\n 'rest_framework',\n 'rest_framework_simplejwt',\n 'rest_framework_simplejwt.token_blacklist',\n 'corsheaders',\n 'django_filters',\n 'drf_spectacular',\n 'apps.core',\n 'apps.user',\n 'apps.event',\n 'apps.subscription',\n 'apps.payment']\nInstalled Middleware:\n['django.middleware.security.SecurityMiddleware',\n 'whitenoise.middleware.WhiteNoiseMiddleware',\n 'corsheaders.middleware.CorsMiddleware',\n 'django.contrib.sessions.middleware.SessionMiddleware',\n 'django.middleware.common.CommonMiddleware',\n 'django.middleware.csrf.CsrfViewMiddleware',\n 'django.contrib.auth.middleware.AuthenticationMiddleware',\n 'django.contrib.messages.middleware.MessageMiddleware',\n 'django.middleware.clickjacking.XFrameOptionsMiddleware',\n 'apps.core.utils.middleware.ErrorTrackingMiddleware']\n\n\nTraceback (most recent call last):\n  File \"/Users/sunday/Documents/Project/Memory Product/backend/venv/lib/python3.12/site-packages/django/db/backends/base/base.py\", line 278, in ensure_connection\n    self.connect()\n    ^^^^^^^^^^^^^^\n  File \"/Users/sunday/Documents/Project/Memory Product/backend/venv/lib/python3.12/site-packages/django/utils/asyncio.py\", line 26, in inner\n    return func(*args, **kwargs)\n           ^^^^^^^^^^^^^^^^^^^^^\n  File \"/Users/sunday/Documents/Project/Memory Product/backend/venv/lib/python3.12/site-packages/django/db/backends/base/base.py\", line 255, in connect\n    self.connection = self.get_new_connection(conn_params)\n                      ^^^^^^^^^^^^^^^^^^^^^^^^^^^^^^^^^^^^\n  File \"/Users/sunday/Documents/Project/Memory Product/backend/venv/lib/python3.12/site-packages/django/utils/asyncio.py\", line 26, in inner\n    return func(*args, **kwargs)\n           ^^^^^^^^^^^^^^^^^^^^^\n  File \"/Users/sunday/Documents/Project/Memory Product/backend/venv/lib/python3.12/site-packages/django/db/backends/postgresql/base.py\", line 332, in get_new_connection\n    connection = self.Database.connect(**conn_params)\n                 ^^^^^^^^^^^^^^^^^^^^^^^^^^^^^^^^^^^^\n  File \"/Users/sunday/Documents/Project/Memory Product/backend/venv/lib/python3.12/site-packages/psycopg/connection.py\", line 100, in connect\n    attempts = conninfo_attempts(params)\n               ^^^^^^^^^^^^^^^^^^^^^^^^^\n  File \"/Users/sunday/Documents/Project/Memory Product/backend/venv/lib/python3.12/site-packages/psycopg/_conninfo_attempts.py\", line 55, in conninfo_attempts\n    raise last_exc\n    ^^^^^^^^^^^^^^\n\nThe above exception (failed to resolve host 'aws-1-eu-central-1.pooler.supabase.com': [Errno 8] nodename nor servname provided, or not known) was the direct cause of the following exception:\n  File \"/Users/sunday/Documents/Project/Memory Product/backend/venv/lib/python3.12/site-packages/django/core/handlers/exception.py\", line 55, in inner\n    response = get_response(request)\n               ^^^^^^^^^^^^^^^^^^^^^\n  File \"/Users/sunday/Documents/Project/Memory Product/backend/venv/lib/python3.12/site-packages/django/core/handlers/base.py\", line 197, in _get_response\n    response = wrapped_callback(request, *callback_args, **callback_kwargs)\n               ^^^^^^^^^^^^^^^^^^^^^^^^^^^^^^^^^^^^^^^^^^^^^^^^^^^^^^^^^^^^\n  File \"/Users/sunday/Documents/Project/Memory Product/backend/venv/lib/python3.12/site-packages/django/views/decorators/csrf.py\", line 65, in _view_wrapper\n    return view_func(request, *args, **kwargs)\n           ^^^^^^^^^^^^^^^^^^^^^^^^^^^^^^^^^^^\n  File \"/Users/sunday/Documents/Project/Memory Product/backend/venv/lib/python3.12/site-packages/rest_framework/viewsets.py\", line 125, in view\n    return self.dispatch(request, *args, **kwargs)\n           ^^^^^^^^^^^^^^^^^^^^^^^^^^^^^^^^^^^^^^^\n  File \"/Users/sunday/Documents/Project/Memory Product/backend/venv/lib/python3.12/site-packages/rest_framework/views.py\", line 515, in dispatch\n    response = self.handle_exception(exc)\n               ^^^^^^^^^^^^^^^^^^^^^^^^^^\n  File \"/Users/sunday/Documents/Project/Memory Product/backend/venv/lib/python3.12/site-packages/rest_framework/views.py\", line 475, in handle_exception\n    self.raise_uncaught_exception(exc)\n    ^^^^^^^^^^^^^^^^^^^^^^^^^^^^^^^^^^\n  File \"/Users/sunday/Documents/Project/Memory Product/backend/venv/lib/python3.12/site-packages/rest_framework/views.py\", line 486, in raise_uncaught_exception\n    raise exc\n    ^^^^^^^^^\n  File \"/Users/sunday/Documents/Project/Memory Product/backend/venv/lib/python3.12/site-packages/rest_framework/views.py\", line 503, in dispatch\n    self.initial(request, *args, **kwargs)\n    ^^^^^^^^^^^^^^^^^^^^^^^^^^^^^^^^^^^^^^\n  File \"/Users/sunday/Documents/Project/Memory Product/backend/venv/lib/python3.12/site-packages/rest_framework/views.py\", line 420, in initial\n    self.perform_authentication(request)\n    ^^^^^^^^^^^^^^^^^^^^^^^^^^^^^^^^^^^^\n  File \"/Users/sunday/Documents/Project/Memory Product/backend/venv/lib/python3.12/site-packages/rest_framework/views.py\", line 330, in perform_authentication\n    request.user\n    ^^^^^^^^^^^^\n  File \"/Users/sunday/Documents/Project/Memory Product/backend/venv/lib/python3.12/site-packages/rest_framework/request.py\", line 232, in user\n    self._authenticate()\n    ^^^^^^^^^^^^^^^^^^^^\n  File \"/Users/sunday/Documents/Project/Memory Product/backend/venv/lib/python3.12/site-packages/rest_framework/request.py\", line 385, in _authenticate\n    user_auth_tuple = authenticator.authenticate(self)\n                      ^^^^^^^^^^^^^^^^^^^^^^^^^^^^^^^^\n  File \"/Users/sunday/Documents/Project/Memory Product/backend/apps/user/utils/authentication.py\", line 35, in authenticate\n    return self.get_user(validated_token), validated_token\n           ^^^^^^^^^^^^^^^^^^^^^^^^^^^^^^\n  File \"/Users/sunday/Documents/Project/Memory Product/backend/venv/lib/python3.12/site-packages/rest_framework_simplejwt/authentication.py\", line 132, in get_user\n    user = self.user_model.objects.get(**{api_settings.USER_ID_FIELD: user_id})\n           ^^^^^^^^^^^^^^^^^^^^^^^^^^^^^^^^^^^^^^^^^^^^^^^^^^^^^^^^^^^^^^^^^^^^\n  File \"/Users/sunday/Documents/Project/Memory Product/backend/venv/lib/python3.12/site-packages/django/db/models/manager.py\", line 87, in manager_method\n    return getattr(self.get_queryset(), name)(*args, **kwargs)\n           ^^^^^^^^^^^^^^^^^^^^^^^^^^^^^^^^^^^^^^^^^^^^^^^^^^^\n  File \"/Users/sunday/Documents/Project/Memory Product/backend/venv/lib/python3.12/site-packages/django/db/models/query.py\", line 647, in get\n    num = len(clone)\n          ^^^^^^^^^^\n  File \"/Users/sunday/Documents/Project/Memory Product/backend/venv/lib/python3.12/site-packages/django/db/models/query.py\", line 384, in __len__\n    self._fetch_all()\n    ^^^^^^^^^^^^^^^^^\n  File \"/Users/sunday/Documents/Project/Memory Product/backend/venv/lib/python3.12/site-packages/django/db/models/query.py\", line 1933, in _fetch_all\n    self._result_cache = list(self._iterable_class(self))\n                         ^^^^^^^^^^^^^^^^^^^^^^^^^^^^^^^^\n  File \"/Users/sunday/Documents/Project/Memory Product/backend/venv/lib/python3.12/site-packages/django/db/models/query.py\", line 93, in __iter__\n    results = compiler.execute_sql(\n              \n  File \"/Users/sunday/Documents/Project/Memory Product/backend/venv/lib/python3.12/site-packages/django/db/models/sql/compiler.py\", line 1572, in execute_sql\n    cursor = self.connection.cursor()\n             ^^^^^^^^^^^^^^^^^^^^^^^^\n  File \"/Users/sunday/Documents/Project/Memory Product/backend/venv/lib/python3.12/site-packages/django/utils/asyncio.py\", line 26, in inner\n    return func(*args, **kwargs)\n           ^^^^^^^^^^^^^^^^^^^^^\n  File \"/Users/sunday/Documents/Project/Memory Product/backend/venv/lib/python3.12/site-packages/django/db/backends/base/base.py\", line 319, in cursor\n    return self._cursor()\n           ^^^^^^^^^^^^^^\n  File \"/Users/sunday/Documents/Project/Memory Product/backend/venv/lib/python3.12/site-packages/django/db/backends/base/base.py\", line 295, in _cursor\n    self.ensure_connection()\n    ^^^^^^^^^^^^^^^^^^^^^^^^\n  File \"/Users/sunday/Documents/Project/Memory Product/backend/venv/lib/python3.12/site-packages/django/utils/asyncio.py\", line 26, in inner\n    return func(*args, **kwargs)\n           ^^^^^^^^^^^^^^^^^^^^^\n  File \"/Users/sunday/Documents/Project/Memory Product/backend/venv/lib/python3.12/site-packages/django/db/backends/base/base.py\", line 277, in ensure_connection\n    with self.wrap_database_errors:\n         ^^^^^^^^^^^^^^^^^^^^^^^^^\n  File \"/Users/sunday/Documents/Project/Memory Product/backend/venv/lib/python3.12/site-packages/django/db/utils.py\", line 91, in __exit__\n    raise dj_exc_value.with_traceback(traceback) from exc_value\n    ^^^^^^^^^^^^^^^^^^^^^^^^^^^^^^^^^^^^^^^^^^^^^^^^^^^^^^^^^^^\n  File \"/Users/sunday/Documents/Project/Memory Product/backend/venv/lib/python3.12/site-packages/django/db/backends/base/base.py\", line 278, in ensure_connection\n    self.connect()\n    ^^^^^^^^^^^^^^\n  File \"/Users/sunday/Documents/Project/Memory Product/backend/venv/lib/python3.12/site-packages/django/utils/asyncio.py\", line 26, in inner\n    return func(*args, **kwargs)\n           ^^^^^^^^^^^^^^^^^^^^^\n  File \"/Users/sunday/Documents/Project/Memory Product/backend/venv/lib/python3.12/site-packages/django/db/backends/base/base.py\", line 255, in connect\n    self.connection = self.get_new_connection(conn_params)\n                      ^^^^^^^^^^^^^^^^^^^^^^^^^^^^^^^^^^^^\n  File \"/Users/sunday/Documents/Project/Memory Product/backend/venv/lib/python3.12/site-packages/django/utils/asyncio.py\", line 26, in inner\n    return func(*args, **kwargs)\n           ^^^^^^^^^^^^^^^^^^^^^\n  File \"/Users/sunday/Documents/Project/Memory Product/backend/venv/lib/python3.12/site-packages/django/db/backends/postgresql/base.py\", line 332, in get_new_connection\n    connection = self.Database.connect(**conn_params)\n                 ^^^^^^^^^^^^^^^^^^^^^^^^^^^^^^^^^^^^\n  File \"/Users/sunday/Documents/Project/Memory Product/backend/venv/lib/python3.12/site-packages/psycopg/connection.py\", line 100, in connect\n    attempts = conninfo_attempts(params)\n               ^^^^^^^^^^^^^^^^^^^^^^^^^\n  File \"/Users/sunday/Documents/Project/Memory Product/backend/venv/lib/python3.12/site-packages/psycopg/_conninfo_attempts.py\", line 55, in conninfo_attempts\n    raise last_exc\n    ^^^^^^^^^^^^^^\n\nException Type: OperationalError at /api/occasions/\nException Value: failed to resolve host 'aws-1-eu-central-1.pooler.supabase.com': [Errno 8] nodename nor servname provided, or not known\nRaised during: apps.event.views.event.OccasionViewSet\nRequest information:\nUSER: admin@test.com\n\nGET: No GET data\n\nPOST: No POST data\n\nFILES: No FILES data\n\nCOOKIES:\n__next_hmr_refresh_hash__ = '396'\ncsrftoken = '********************'\nsessionid = '********************'\naccess_token = '********************'\n\nMETA:\nANTIGRAVITY_CLI_ALIAS = 'agy-ide'\nAUTH_COOKIE_DOMAIN = 'localhost'\nAUTH_COOKIE_SECURE = 'False'\nBUNDLED_DEBUGPY_PATH = '/Users/sunday/.antigravity-ide/extensions/ms-python.debugpy-2026.6.0-darwin-arm64/bundled/libs/debugpy'\nCLAUDE_CODE_SSE_PORT = '36735'\nCLOUDINARY_API_KEY = '********************'\nCLOUDINARY_API_SECRET = '********************'\nCLOUDINARY_CLOUD_NAME = 'diuu6juk2'\nCOLORTERM = 'truecolor'\nCOMMAND_MODE = 'unix2003'\nCONTENT_LENGTH = ''\nCONTENT_TYPE = 'text/plain'\nCORS_ALLOWED_ORIGINS = 'http://localhost:3000'\nCSRF_COOKIE = 'LzXLbuX199NXLKESVdstRIOMdmfJXaZm'\nCSRF_TRUSTED_ORIGINS = 'http://localhost:3000'\nDATABASE_URL = 'postgresql://postgres.slvanemakaelexadiega:LetKeepMemory@2026!@aws-1-eu-central-1.pooler.supabase.com:6543/postgres'\nDEFAULT_FROM_EMAIL = 'Lets Keep Memories <no-reply@suavesystems.com>'\nDISPLAY = '/var/run/com.apple.launchd.19mbr0jVlv/org.xquartz:0'\nDJANGO_ALLOWED_HOSTS = 'localhost,127.0.0.1,localhost:3001,localhost:3000'\nDJANGO_SECRET_KEY = '********************'\nDJANGO_SETTINGS_MODULE = 'config.settings.dev'\nENV = 'local'\nFPATH = '/Users/sunday/.oh-my-zsh/plugins/git:/Users/sunday/.oh-my-zsh/functions:/Users/sunday/.oh-my-zsh/completions:/Users/sunday/.oh-my-zsh/custom/functions:/Users/sunday/.oh-my-zsh/custom/completions:/opt/homebrew/share/zsh/site-functions:/Users/sunday/.oh-my-zsh/plugins/git:/Users/sunday/.oh-my-zsh/functions:/Users/sunday/.oh-my-zsh/completions:/Users/sunday/.oh-my-zsh/custom/functions:/Users/sunday/.oh-my-zsh/custom/completions:/Users/sunday/.oh-my-zsh/cache/completions:/opt/homebrew/share/zsh/site-functions:/usr/local/share/zsh/site-functions:/usr/share/zsh/site-functions:/usr/share/zsh/5.9/functions'\nFRONTEND_URL = 'http://localhost:3000'\nGATEWAY_INTERFACE = 'CGI/1.1'\nGIT_ASKPASS = '********************'\nGOPATH = '/Users/sunday/go'\nHOME = '/Users/sunday'\nHOMEBREW_CELLAR = '/opt/homebrew/Cellar'\nHOMEBREW_PREFIX = '/opt/homebrew'\nHOMEBREW_REPOSITORY = '/opt/homebrew'\nHTTP_ACCEPT = 'application/json'\nHTTP_ACCEPT_ENCODING = 'gzip, deflate, br, zstd'\nHTTP_ACCEPT_LANGUAGE = 'en-NG,en;q=0.9'\nHTTP_CONNECTION = 'keep-alive'\nHTTP_COOKIE = '********************'\nHTTP_HOST = 'localhost:8000'\nHTTP_ORIGIN = 'http://localhost:3000'\nHTTP_REFERER = 'http://localhost:3000/'\nHTTP_SEC_CH_UA = '\"Google Chrome\";v=\"149\", \"Chromium\";v=\"149\", \"Not)A;Brand\";v=\"24\"'\nHTTP_SEC_CH_UA_MOBILE = '?0'\nHTTP_SEC_CH_UA_PLATFORM = '\"macOS\"'\nHTTP_SEC_FETCH_DEST = 'empty'\nHTTP_SEC_FETCH_MODE = 'cors'\nHTTP_SEC_FETCH_SITE = 'same-site'\nHTTP_USER_AGENT = 'Mozilla/5.0 (Macintosh; Intel Mac OS X 10_15_7) AppleWebKit/537.36 (KHTML, like Gecko) Chrome/149.0.0.0 Safari/537.36'\nINFOPATH = '/opt/homebrew/share/info:/opt/homebrew/share/info:'\nLANG = 'C.UTF-8'\nLESS = '-R'\nLOGNAME = 'sunday'\nLSCOLORS = 'Gxfxcxdxbxegedabagacad'\nLS_COLORS = 'di=1;36:ln=35:so=32:pi=33:ex=31:bd=34;46:cd=34;43:su=30;41:sg=30;46:tw=30;42:ow=30;43'\nMallocNanoZone = '0'\nNVM_BIN = '/Users/sunday/.nvm/versions/node/v22.11.0/bin'\nNVM_CD_FLAGS = '-q'\nNVM_DIR = '/Users/sunday/.nvm'\nNVM_INC = '/Users/sunday/.nvm/versions/node/v22.11.0/include/node'\nOLDPWD = '/Users/sunday/Documents/Project/Memory Product/backend'\nOPENAI_API_KEY = '********************'\nOSLogRateLimit = '64'\nPAGER = 'less'\nPATH = '/Users/sunday/Documents/Project/Memory Product/backend/venv/bin:/Users/sunday/.antigravity-ide/antigravity-ide/bin:/Users/sunday/.antigravity/antigravity/bin:/usr/local/bin/wrench:/opt/homebrew/opt/openjdk/bin:/Users/sunday/.nvm/versions/node/v22.11.0/bin:/Users/sunday/Documents/Mercurie/google-cloud-sdk/bin:/opt/homebrew/bin:/opt/homebrew/sbin:/usr/local/bin:/System/Cryptexes/App/usr/bin:/usr/bin:/bin:/usr/sbin:/sbin:/var/run/com.apple.security.cryptexd/codex.system/bootstrap/usr/local/bin:/var/run/com.apple.security.cryptexd/codex.system/bootstrap/usr/bin:/var/run/com.apple.security.cryptexd/codex.system/bootstrap/usr/appleinternal/bin:/opt/pkg/env/active/bin:/opt/pmk/env/global/bin:/opt/X11/bin:/Library/Apple/usr/bin:/usr/local/go/bin:/Users/sunday/.antigravity-ide/antigravity-ide/bin:/Users/sunday/.antigravity/antigravity/bin:/usr/local/bin/wrench:/opt/homebrew/opt/openjdk/bin:/Users/sunday/.nvm/versions/node/v22.11.0/bin:/Users/sunday/Documents/Mercurie/google-cloud-sdk/bin:/Users/sunday/.cargo/bin:/Users/sunday/.local/bin:/Applications/Visual Studio Code.app/Contents/Resources/app/bin:/Users/sunday/go/bin:/Users/sunday/.antigravity-ide/extensions/ms-python.debugpy-2026.6.0-darwin-arm64/bundled/scripts/noConfigScripts:/Applications/Visual Studio Code.app/Contents/Resources/app/bin:/Users/sunday/go/bin'\nPATH_INFO = '/api/occasions/'\nPAYSTACK_SECRET_KEY = '********************'\nPS1 = '((venv) ) %(?:%{\\x1b[01;32m%}%1{\u279c%} :%{\\x1b[01;31m%}%1{\u279c%} ) %{\\x1b[36m%}%c%{\\x1b[00m%} $(git_prompt_info)'\nPWD = '/Users/sunday/Documents/Project/Memory Product/backend'\nPYDEVD_DISABLE_FILE_VALIDATION = '1'\nPYTHONSTARTUP = '/Users/sunday/Library/Application Support/Antigravity IDE/User/workspaceStorage/3434cb836c92bb99989ad07df6a0e4a4/ms-python.python/pythonrc.py'\nPYTHON_BASIC_REPL = '1'\nQTERM_SESSION_ID = '77383e5afd444a279ffe46076639530a'\nQUERY_STRING = ''\nQ_SET_PARENT_CHECK = '1'\nQ_TERM = '2.8.1'\nREMOTE_ADDR = '127.0.0.1'\nREMOTE_HOST = ''\nREQUEST_METHOD = 'GET'\nRESEND_API_KEY = '********************'\nRUN_MAIN = 'true'\nSCRIPT_NAME = ''\nSERVER_NAME = '1.0.0.127.in-addr.arpa'\nSERVER_PORT = '8000'\nSERVER_PROTOCOL = 'HTTP/1.1'\nSERVER_SOFTWARE = 'WSGIServer/0.2'\nSHELL = '/bin/zsh'\nSHELL_PID = '5249'\nSHLVL = '1'\nSSH_AUTH_SOCK = '/var/run/com.apple.launchd.c3gaXvmRsN/Listeners'\nTERM = 'xterm-256color'\nTERM_PROGRAM = 'vscode'\nTERM_PROGRAM_VERSION = '1.107.0'\nTMPDIR = '/var/folders/m6/g0g5s7xj1bb0t_b07dntgz4r0000gn/T/'\nTTY = '/dev/ttys042'\nTZ = 'UTC'\nUSER = 'sunday'\nUSER_ZDOTDIR = '/Users/sunday'\nVIRTUAL_ENV = '/Users/sunday/Documents/Project/Memory Product/backend/venv'\nVIRTUAL_ENV_PROMPT = '(venv) '\nVSCODE_DEBUGPY_ADAPTER_ENDPOINTS = '/Users/sunday/.antigravity-ide/extensions/ms-python.debugpy-2026.6.0-darwin-arm64/.noConfigDebugAdapterEndpoints/endpoint-b1dabd37cc1f5828.txt'\nVSCODE_GIT_ASKPASS_EXTRA_ARGS = '********************'\nVSCODE_GIT_ASKPASS_MAIN = '********************'\nVSCODE_GIT_ASKPASS_NODE = '********************'\nVSCODE_GIT_IPC_HANDLE = '/var/folders/m6/g0g5s7xj1bb0t_b07dntgz4r0000gn/T/vscode-git-16de545c68.sock'\nVSCODE_INJECTION = '1'\nVSCODE_NONCE = 'a58ad72e-5301-43e7-b4b1-676944ac19fd'\nVSCODE_PROFILE_INITIALIZED = '1'\nXPC_FLAGS = '0x0'\nXPC_SERVICE_NAME = '0'\nZDOTDIR = '/Users/sunday'\nZSH = '/Users/sunday/.oh-my-zsh'\n_ = '/Users/sunday/Documents/Project/Memory Product/backend/venv/bin/python'\n__CFBundleIdentifier = 'com.google.antigravity-ide'\n__CF_USER_TEXT_ENCODING = '0x1F5:0x0:0x0'\nwsgi.errors = <_io.TextIOWrapper name='<stderr>' mode='w' encoding='utf-8'>\nwsgi.file_wrapper = <class 'wsgiref.util.FileWrapper'>\nwsgi.input = <django.core.handlers.wsgi.LimitedStream object at 0x10d8ed240>\nwsgi.multiprocess = False\nwsgi.multithread = True\nwsgi.run_once = False\nwsgi.url_scheme = 'http'\nwsgi.version = '(1, 0)'\n\nSettings:\nUsing settings module config.settings.dev\nABSOLUTE_URL_OVERRIDES = {}\nADMINS = []\nALLOWED_HOSTS = ['localhost', '127.0.0.1']\nAPPEND_SLASH = True\nASGI_APPLICATION = 'config.asgi.application'\nAUTHENTICATION_BACKENDS = ['django.contrib.auth.backends.ModelBackend']\nAUTH_COOKIE_ACCESS = 'access_token'\nAUTH_COOKIE_DOMAIN = 'localhost'\nAUTH_COOKIE_REFRESH = 'refresh_token'\nAUTH_COOKIE_SAMESITE = 'Lax'\nAUTH_COOKIE_SECURE = False\nAUTH_PASSWORD_VALIDATORS = '********************'\nAUTH_USER_MODEL = 'user.User'\nBASE_DIR = PosixPath('/Users/sunday/Documents/Project/Memory Product/backend')\nCACHES = {'default': {'BACKEND': 'django.core.cache.backends.locmem.LocMemCache'}}\nCACHE_MIDDLEWARE_ALIAS = 'default'\nCACHE_MIDDLEWARE_KEY_PREFIX = '********************'\nCACHE_MIDDLEWARE_SECONDS = 600\nCELERY_TASK_ALWAYS_EAGER = True\nCELERY_TASK_EAGER_PROPAGATES = True\nCLOUDINARY_API_KEY = '********************'\nCLOUDINARY_API_SECRET = '********************'\nCLOUDINARY_CLOUD_NAME = 'diuu6juk2'\nCORS_ALLOWED_ORIGINS = ['http://localhost:3000']\nCORS_ALLOW_CREDENTIALS = True\nCSRF_COOKIE_AGE = 31449600\nCSRF_COOKIE_DOMAIN = None\nCSRF_COOKIE_HTTPONLY = False\nCSRF_COOKIE_NAME = 'csrftoken'\nCSRF_COOKIE_PATH = '/'\nCSRF_COOKIE_SAMESITE = 'Lax'\nCSRF_COOKIE_SECURE = False\nCSRF_FAILURE_VIEW = 'django.views.csrf.csrf_failure'\nCSRF_HEADER_NAME = 'HTTP_X_CSRFTOKEN'\nCSRF_TRUSTED_ORIGINS = ['http://localhost:3000']\nCSRF_USE_SESSIONS = False\nDATABASES = {'default': {'NAME': 'postgres', 'USER': 'postgres.slvanemakaelexadiega', 'PASSWORD': '********************', 'HOST': 'aws-1-eu-central-1.pooler.supabase.com', 'PORT': 6543, 'ENGINE': 'django.db.backends.postgresql', 'ATOMIC_REQUESTS': False, 'AUTOCOMMIT': True, 'CONN_MAX_AGE': 0, 'CONN_HEALTH_CHECKS': False, 'OPTIONS': {}, 'TIME_ZONE': None, 'TEST': {'CHARSET': None, 'COLLATION': None, 'MIGRATE': True, 'MIRROR': None, 'NAME': None}}}\nDATABASE_ROUTERS = []\nDATA_UPLOAD_MAX_MEMORY_SIZE = 2621440\nDATA_UPLOAD_MAX_NUMBER_FIELDS = 1000\nDATA_UPLOAD_MAX_NUMBER_FILES = 100\nDATETIME_FORMAT = 'N j, Y, P'\nDATETIME_INPUT_FORMATS = ['%Y-%m-%d %H:%M:%S', '%Y-%m-%d %H:%M:%S.%f', '%Y-%m-%d %H:%M', '%m/%d/%Y %H:%M:%S', '%m/%d/%Y %H:%M:%S.%f', '%m/%d/%Y %H:%M', '%m/%d/%y %H:%M:%S', '%m/%d/%y %H:%M:%S.%f', '%m/%d/%y %H:%M']\nDATE_FORMAT = 'N j, Y'\nDATE_INPUT_FORMATS = ['%Y-%m-%d', '%m/%d/%Y', '%m/%d/%y', '%b %d %Y', '%b %d, %Y', '%d %b %Y', '%d %b, %Y', '%B %d %Y', '%B %d, %Y', '%d %B %Y', '%d %B, %Y']\nDEBUG = True\nDEBUG_PROPAGATE_EXCEPTIONS = False\nDECIMAL_SEPARATOR = '.'\nDEFAULT_AUTO_FIELD = 'django.db.models.BigAutoField'\nDEFAULT_CHARSET = 'utf-8'\nDEFAULT_EXCEPTION_REPORTER = 'django.views.debug.ExceptionReporter'\nDEFAULT_EXCEPTION_REPORTER_FILTER = 'django.views.debug.SafeExceptionReporterFilter'\nDEFAULT_FROM_EMAIL = 'Lets Keep Memories <no-reply@suavesystems.com>'\nDEFAULT_INDEX_TABLESPACE = ''\nDEFAULT_TABLESPACE = ''\nDISALLOWED_USER_AGENTS = []\nDJANGO_APPS = ['django.contrib.admin', 'django.contrib.auth', 'django.contrib.contenttypes', 'django.contrib.sessions', 'django.contrib.messages', 'django.contrib.staticfiles']\nEMAIL_BACKEND = 'django.core.mail.backends.smtp.EmailBackend'\nEMAIL_HOST = 'localhost'\nEMAIL_HOST_PASSWORD = '********************'\nEMAIL_HOST_USER = ''\nEMAIL_PORT = 25\nEMAIL_SSL_CERTFILE = None\nEMAIL_SSL_KEYFILE = '********************'\nEMAIL_SUBJECT_PREFIX = '[Django] '\nEMAIL_TIMEOUT = None\nEMAIL_USE_LOCALTIME = False\nEMAIL_USE_SSL = False\nEMAIL_USE_TLS = False\nENVIRONMENT = 'local'\nFILE_UPLOAD_DIRECTORY_PERMISSIONS = None\nFILE_UPLOAD_HANDLERS = ['django.core.files.uploadhandler.MemoryFileUploadHandler', 'django.core.files.uploadhandler.TemporaryFileUploadHandler']\nFILE_UPLOAD_MAX_MEMORY_SIZE = 2621440\nFILE_UPLOAD_PERMISSIONS = 420\nFILE_UPLOAD_TEMP_DIR = None\nFIRST_DAY_OF_WEEK = 0\nFIXTURE_DIRS = []\nFORCE_SCRIPT_NAME = None\nFORMAT_MODULE_PATH = None\nFORMS_URLFIELD_ASSUME_HTTPS = False\nFORM_RENDERER = 'django.forms.renderers.DjangoTemplates'\nFRONTEND_URL = 'http://localhost:3000'\nIGNORABLE_404_URLS = []\nINSTALLED_APPS = ['django.contrib.admin', 'django.contrib.auth', 'django.contrib.contenttypes', 'django.contrib.sessions', 'django.contrib.messages', 'django.contrib.staticfiles', 'rest_framework', 'rest_framework_simplejwt', 'rest_framework_simplejwt.token_blacklist', 'corsheaders', 'django_filters', 'drf_spectacular', 'apps.core', 'apps.user', 'apps.event', 'apps.subscription', 'apps.payment']\nINTERNAL_IPS = []\nLANGUAGES = [('af', 'Afrikaans'), ('ar', 'Arabic'), ('ar-dz', 'Algerian Arabic'), ('ast', 'Asturian'), ('az', 'Azerbaijani'), ('bg', 'Bulgarian'), ('be', 'Belarusian'), ('bn', 'Bengali'), ('br', 'Breton'), ('bs', 'Bosnian'), ('ca', 'Catalan'), ('ckb', 'Central Kurdish (Sorani)'), ('cs', 'Czech'), ('cy', 'Welsh'), ('da', 'Danish'), ('de', 'German'), ('dsb', 'Lower Sorbian'), ('el', 'Greek'), ('en', 'English'), ('en-au', 'Australian English'), ('en-gb', 'British English'), ('eo', 'Esperanto'), ('es', 'Spanish'), ('es-ar', 'Argentinian Spanish'), ('es-co', 'Colombian Spanish'), ('es-mx', 'Mexican Spanish'), ('es-ni', 'Nicaraguan Spanish'), ('es-ve', 'Venezuelan Spanish'), ('et', 'Estonian'), ('eu', 'Basque'), ('fa', 'Persian'), ('fi', 'Finnish'), ('fr', 'French'), ('fy', 'Frisian'), ('ga', 'Irish'), ('gd', 'Scottish Gaelic'), ('gl', 'Galician'), ('he', 'Hebrew'), ('hi', 'Hindi'), ('hr', 'Croatian'), ('hsb', 'Upper Sorbian'), ('hu', 'Hungarian'), ('hy', 'Armenian'), ('ia', 'Interlingua'), ('id', 'Indonesian'), ('ig', 'Igbo'), ('io', 'Ido'), ('is', 'Icelandic'), ('it', 'Italian'), ('ja', 'Japanese'), ('ka', 'Georgian'), ('kab', 'Kabyle'), ('kk', 'Kazakh'), ('km', 'Khmer'), ('kn', 'Kannada'), ('ko', 'Korean'), ('ky', 'Kyrgyz'), ('lb', 'Luxembourgish'), ('lt', 'Lithuanian'), ('lv', 'Latvian'), ('mk', 'Macedonian'), ('ml', 'Malayalam'), ('mn', 'Mongolian'), ('mr', 'Marathi'), ('ms', 'Malay'), ('my', 'Burmese'), ('nb', 'Norwegian Bokm\u00e5l'), ('ne', 'Nepali'), ('nl', 'Dutch'), ('nn', 'Norwegian Nynorsk'), ('os', 'Ossetic'), ('pa', 'Punjabi'), ('pl', 'Polish'), ('pt', 'Portuguese'), ('pt-br', 'Brazilian Portuguese'), ('ro', 'Romanian'), ('ru', 'Russian'), ('sk', 'Slovak'), ('sl', 'Slovenian'), ('sq', 'Albanian'), ('sr', 'Serbian'), ('sr-latn', 'Serbian Latin'), ('sv', 'Swedish'), ('sw', 'Swahili'), ('ta', 'Tamil'), ('te', 'Telugu'), ('tg', 'Tajik'), ('th', 'Thai'), ('tk', 'Turkmen'), ('tr', 'Turkish'), ('tt', 'Tatar'), ('udm', 'Udmurt'), ('ug', 'Uyghur'), ('uk', 'Ukrainian'), ('ur', 'Urdu'), ('uz', 'Uzbek'), ('vi', 'Vietnamese'), ('zh-hans', 'Simplified Chinese'), ('zh-hant', 'Traditional Chinese')]\nLANGUAGES_BIDI = ['he', 'ar', 'ar-dz', 'ckb', 'fa', 'ug', 'ur']\nLANGUAGE_CODE = 'en-us'\nLANGUAGE_COOKIE_AGE = None\nLANGUAGE_COOKIE_DOMAIN = None\nLANGUAGE_COOKIE_HTTPONLY = False\nLANGUAGE_COOKIE_NAME = 'django_language'\nLANGUAGE_COOKIE_PATH = '/'\nLANGUAGE_COOKIE_SAMESITE = None\nLANGUAGE_COOKIE_SECURE = False\nLOCALE_PATHS = []\nLOCAL_APPS = ['apps.core', 'apps.user', 'apps.event', 'apps.subscription', 'apps.payment']\nLOGGING = {'version': 1, 'disable_existing_loggers': False, 'handlers': {'console': {'class': 'logging.StreamHandler'}}, 'root': {'handlers': ['console'], 'level': 'INFO'}, 'loggers': {'django': {'handlers': ['console'], 'level': 'INFO', 'propagate': False}}}\nLOGGING_CONFIG = 'logging.config.dictConfig'\nLOGIN_REDIRECT_URL = '/accounts/profile/'\nLOGIN_URL = '/accounts/login/'\nLOGOUT_REDIRECT_URL = None\nMANAGERS = []\nMEDIA_ROOT = ''\nMEDIA_URL = '/'\nMESSAGE_STORAGE = 'django.contrib.messages.storage.fallback.FallbackStorage'\nMIDDLEWARE = ['django.middleware.security.SecurityMiddleware', 'whitenoise.middleware.WhiteNoiseMiddleware', 'corsheaders.middleware.CorsMiddleware', 'django.contrib.sessions.middleware.SessionMiddleware', 'django.middleware.common.CommonMiddleware', 'django.middleware.csrf.CsrfViewMiddleware', 'django.contrib.auth.middleware.AuthenticationMiddleware', 'django.contrib.messages.middleware.MessageMiddleware', 'django.middleware.clickjacking.XFrameOptionsMiddleware', 'apps.core.utils.middleware.ErrorTrackingMiddleware']\nMIGRATION_MODULES = {}\nMONTH_DAY_FORMAT = 'F j'\nNUMBER_GROUPING = 0\nOPENAI_API_KEY = '********************'\nPASSWORD_HASHERS = '********************'\nPASSWORD_RESET_TIMEOUT = '********************'\nPAYSTACK_SECRET_KEY = '********************'\nPREPEND_WWW = False\nRESEND_API_KEY = '********************'\nREST_FRAMEWORK = {'DEFAULT_AUTHENTICATION_CLASSES': ('apps.user.utils.authentication.CookieJWTAuthentication',), 'DEFAULT_PERMISSION_CLASSES': ('rest_framework.permissions.IsAuthenticated',), 'DEFAULT_PAGINATION_CLASS': 'apps.core.utils.pagination.DefaultPagination', 'PAGE_SIZE': 20, 'DEFAULT_FILTER_BACKENDS': ('django_filters.rest_framework.DjangoFilterBackend',), 'DEFAULT_THROTTLE_CLASSES': ('rest_framework.throttling.AnonRateThrottle', 'rest_framework.throttling.UserRateThrottle'), 'DEFAULT_THROTTLE_RATES': {'anon': '100/hour', 'user': '1000/hour', 'guest_wish': '20/hour', 'auth': '20/hour', 'otp_confirm': '10/hour'}, 'DEFAULT_SCHEMA_CLASS': 'drf_spectacular.openapi.AutoSchema', 'EXCEPTION_HANDLER': 'apps.core.utils.exceptions.api_exception_handler', 'DEFAULT_RENDERER_CLASSES': ('rest_framework.renderers.JSONRenderer',)}\nROOT_URLCONF = 'config.urls'\nSECRET_KEY = '********************'\nSECRET_KEY_FALLBACKS = '********************'\nSECURE_CONTENT_TYPE_NOSNIFF = True\nSECURE_CROSS_ORIGIN_OPENER_POLICY = 'same-origin'\nSECURE_HSTS_INCLUDE_SUBDOMAINS = False\nSECURE_HSTS_PRELOAD = False\nSECURE_HSTS_SECONDS = 0\nSECURE_PROXY_SSL_HEADER = None\nSECURE_REDIRECT_EXEMPT = []\nSECURE_REFERRER_POLICY = 'same-origin'\nSECURE_SSL_HOST = None\nSECURE_SSL_REDIRECT = False\nSERVER_EMAIL = 'root@localhost'\nSESSION_CACHE_ALIAS = 'default'\nSESSION_COOKIE_AGE = 1209600\nSESSION_COOKIE_DOMAIN = None\nSESSION_COOKIE_HTTPONLY = True\nSESSION_COOKIE_NAME = 'sessionid'\nSESSION_COOKIE_PATH = '/'\nSESSION_COOKIE_SAMESITE = 'Lax'\nSESSION_COOKIE_SECURE = False\nSESSION_ENGINE = 'django.contrib.sessions.backends.db'\nSESSION_EXPIRE_AT_BROWSER_CLOSE = False\nSESSION_FILE_PATH = None\nSESSION_SAVE_EVERY_REQUEST = False\nSESSION_SERIALIZER = 'django.contrib.sessions.serializers.JSONSerializer'\nSETTINGS_MODULE = 'config.settings.dev'\nSHORT_DATETIME_FORMAT = 'm/d/Y P'\nSHORT_DATE_FORMAT = 'm/d/Y'\nSIGNING_BACKEND = 'django.core.signing.TimestampSigner'\nSILENCED_SYSTEM_CHECKS = []\nSIMPLE_JWT = {'ACCESS_TOKEN_LIFETIME': '********************', 'REFRESH_TOKEN_LIFETIME': '********************', 'ROTATE_REFRESH_TOKENS': '********************', 'BLACKLIST_AFTER_ROTATION': True, 'UPDATE_LAST_LOGIN': True, 'AUTH_HEADER_TYPES': ('Bearer',)}\nSPECTACULAR_SETTINGS = {'TITLE': 'Lets Keep Memories API', 'DESCRIPTION': 'API for the Lets Keep Memories digital memory & celebration platform.', 'VERSION': '1.0.0', 'SERVE_INCLUDE_SCHEMA': False}\nSTATICFILES_DIRS = []\nSTATICFILES_FINDERS = ['django.contrib.staticfiles.finders.FileSystemFinder', 'django.contrib.staticfiles.finders.AppDirectoriesFinder']\nSTATIC_ROOT = PosixPath('/Users/sunday/Documents/Project/Memory Product/backend/staticfiles')\nSTATIC_URL = '/static/'\nSTORAGES = {'staticfiles': {'BACKEND': 'whitenoise.storage.CompressedManifestStaticFilesStorage'}}\nTEMPLATES = [{'BACKEND': 'django.template.backends.django.DjangoTemplates', 'DIRS': [PosixPath('/Users/sunday/Documents/Project/Memory Product/backend/templates')], 'APP_DIRS': True, 'OPTIONS': {'context_processors': ['django.template.context_processors.debug', 'django.template.context_processors.request', 'django.contrib.auth.context_processors.auth', 'django.contrib.messages.context_processors.messages']}}]\nTEST_NON_SERIALIZED_APPS = []\nTEST_RUNNER = 'django.test.runner.DiscoverRunner'\nTHIRD_PARTY_APPS = ['rest_framework', 'rest_framework_simplejwt', 'rest_framework_simplejwt.token_blacklist', 'corsheaders', 'django_filters', 'drf_spectacular']\nTHOUSAND_SEPARATOR = ','\nTIME_FORMAT = 'P'\nTIME_INPUT_FORMATS = ['%H:%M:%S', '%H:%M:%S.%f', '%H:%M']\nTIME_ZONE = 'UTC'\nUSE_I18N = True\nUSE_THOUSAND_SEPARATOR = False\nUSE_TZ = True\nUSE_X_FORWARDED_HOST = False\nUSE_X_FORWARDED_PORT = False\nWSGI_APPLICATION = 'config.wsgi.application'\nX_FRAME_OPTIONS = 'DENY'\nYEAR_MONTH_FORMAT = 'F Y'\n\n\nYou\u2019re seeing this error because you have DEBUG = True in your\nDjango settings file. Change that to False, and Django will\ndisplay a standard page generated by the handler for this status code.\n\n"}
HTTP Error 500 at /api/auth/me/: {"status_code": 500, "path": "/api/auth/me/", "method": "GET", "user": "admin@test.com", "request_body": null, "response_payload": "OperationalError at /api/auth/me/\nfailed to resolve host 'aws-1-eu-central-1.pooler.supabase.com': [Errno 8] nodename nor servname provided, or not known\n\nRequest Method: GET\nRequest URL: http://localhost:8000/api/auth/me/\nDjango Version: 5.1.15\nPython Executable: /Users/sunday/Documents/Project/Memory Product/backend/venv/bin/python\nPython Version: 3.12.11\nPython Path: ['/Users/sunday/Documents/Project/Memory Product/backend', '/opt/homebrew/Cellar/python@3.12/3.12.11/Frameworks/Python.framework/Versions/3.12/lib/python312.zip', '/opt/homebrew/Cellar/python@3.12/3.12.11/Frameworks/Python.framework/Versions/3.12/lib/python3.12', '/opt/homebrew/Cellar/python@3.12/3.12.11/Frameworks/Python.framework/Versions/3.12/lib/python3.12/lib-dynload', '/Users/sunday/Documents/Project/Memory Product/backend/venv/lib/python3.12/site-packages']\nServer time: Wed, 24 Jun 2026 02:01:42 +0000\nInstalled Applications:\n['django.contrib.admin',\n 'django.contrib.auth',\n 'django.contrib.contenttypes',\n 'django.contrib.sessions',\n 'django.contrib.messages',\n 'django.contrib.staticfiles',\n 'rest_framework',\n 'rest_framework_simplejwt',\n 'rest_framework_simplejwt.token_blacklist',\n 'corsheaders',\n 'django_filters',\n 'drf_spectacular',\n 'apps.core',\n 'apps.user',\n 'apps.event',\n 'apps.subscription',\n 'apps.payment']\nInstalled Middleware:\n['django.middleware.security.SecurityMiddleware',\n 'whitenoise.middleware.WhiteNoiseMiddleware',\n 'corsheaders.middleware.CorsMiddleware',\n 'django.contrib.sessions.middleware.SessionMiddleware',\n 'django.middleware.common.CommonMiddleware',\n 'django.middleware.csrf.CsrfViewMiddleware',\n 'django.contrib.auth.middleware.AuthenticationMiddleware',\n 'django.contrib.messages.middleware.MessageMiddleware',\n 'django.middleware.clickjacking.XFrameOptionsMiddleware',\n 'apps.core.utils.middleware.ErrorTrackingMiddleware']\n\n\nTraceback (most recent call last):\n  File \"/Users/sunday/Documents/Project/Memory Product/backend/venv/lib/python3.12/site-packages/django/db/backends/base/base.py\", line 278, in ensure_connection\n    self.connect()\n    ^^^^^^^^^^^^^^\n  File \"/Users/sunday/Documents/Project/Memory Product/backend/venv/lib/python3.12/site-packages/django/utils/asyncio.py\", line 26, in inner\n    return func(*args, **kwargs)\n           ^^^^^^^^^^^^^^^^^^^^^\n  File \"/Users/sunday/Documents/Project/Memory Product/backend/venv/lib/python3.12/site-packages/django/db/backends/base/base.py\", line 255, in connect\n    self.connection = self.get_new_connection(conn_params)\n                      ^^^^^^^^^^^^^^^^^^^^^^^^^^^^^^^^^^^^\n  File \"/Users/sunday/Documents/Project/Memory Product/backend/venv/lib/python3.12/site-packages/django/utils/asyncio.py\", line 26, in inner\n    return func(*args, **kwargs)\n           ^^^^^^^^^^^^^^^^^^^^^\n  File \"/Users/sunday/Documents/Project/Memory Product/backend/venv/lib/python3.12/site-packages/django/db/backends/postgresql/base.py\", line 332, in get_new_connection\n    connection = self.Database.connect(**conn_params)\n                 ^^^^^^^^^^^^^^^^^^^^^^^^^^^^^^^^^^^^\n  File \"/Users/sunday/Documents/Project/Memory Product/backend/venv/lib/python3.12/site-packages/psycopg/connection.py\", line 100, in connect\n    attempts = conninfo_attempts(params)\n               ^^^^^^^^^^^^^^^^^^^^^^^^^\n  File \"/Users/sunday/Documents/Project/Memory Product/backend/venv/lib/python3.12/site-packages/psycopg/_conninfo_attempts.py\", line 55, in conninfo_attempts\n    raise last_exc\n    ^^^^^^^^^^^^^^\n\nThe above exception (failed to resolve host 'aws-1-eu-central-1.pooler.supabase.com': [Errno 8] nodename nor servname provided, or not known) was the direct cause of the following exception:\n  File \"/Users/sunday/Documents/Project/Memory Product/backend/venv/lib/python3.12/site-packages/django/core/handlers/exception.py\", line 55, in inner\n    response = get_response(request)\n               ^^^^^^^^^^^^^^^^^^^^^\n  File \"/Users/sunday/Documents/Project/Memory Product/backend/venv/lib/python3.12/site-packages/django/core/handlers/base.py\", line 197, in _get_response\n    response = wrapped_callback(request, *callback_args, **callback_kwargs)\n               ^^^^^^^^^^^^^^^^^^^^^^^^^^^^^^^^^^^^^^^^^^^^^^^^^^^^^^^^^^^^\n  File \"/Users/sunday/Documents/Project/Memory Product/backend/venv/lib/python3.12/site-packages/django/views/decorators/csrf.py\", line 65, in _view_wrapper\n    return view_func(request, *args, **kwargs)\n           ^^^^^^^^^^^^^^^^^^^^^^^^^^^^^^^^^^^\n  File \"/Users/sunday/Documents/Project/Memory Product/backend/venv/lib/python3.12/site-packages/django/views/generic/base.py\", line 105, in view\n    return self.dispatch(request, *args, **kwargs)\n           ^^^^^^^^^^^^^^^^^^^^^^^^^^^^^^^^^^^^^^^\n  File \"/Users/sunday/Documents/Project/Memory Product/backend/venv/lib/python3.12/site-packages/rest_framework/views.py\", line 515, in dispatch\n    response = self.handle_exception(exc)\n               ^^^^^^^^^^^^^^^^^^^^^^^^^^\n  File \"/Users/sunday/Documents/Project/Memory Product/backend/venv/lib/python3.12/site-packages/rest_framework/views.py\", line 475, in handle_exception\n    self.raise_uncaught_exception(exc)\n    ^^^^^^^^^^^^^^^^^^^^^^^^^^^^^^^^^^\n  File \"/Users/sunday/Documents/Project/Memory Product/backend/venv/lib/python3.12/site-packages/rest_framework/views.py\", line 486, in raise_uncaught_exception\n    raise exc\n    ^^^^^^^^^\n  File \"/Users/sunday/Documents/Project/Memory Product/backend/venv/lib/python3.12/site-packages/rest_framework/views.py\", line 503, in dispatch\n    self.initial(request, *args, **kwargs)\n    ^^^^^^^^^^^^^^^^^^^^^^^^^^^^^^^^^^^^^^\n  File \"/Users/sunday/Documents/Project/Memory Product/backend/venv/lib/python3.12/site-packages/rest_framework/views.py\", line 420, in initial\n    self.perform_authentication(request)\n    ^^^^^^^^^^^^^^^^^^^^^^^^^^^^^^^^^^^^\n  File \"/Users/sunday/Documents/Project/Memory Product/backend/venv/lib/python3.12/site-packages/rest_framework/views.py\", line 330, in perform_authentication\n    request.user\n    ^^^^^^^^^^^^\n  File \"/Users/sunday/Documents/Project/Memory Product/backend/venv/lib/python3.12/site-packages/rest_framework/request.py\", line 232, in user\n    self._authenticate()\n    ^^^^^^^^^^^^^^^^^^^^\n  File \"/Users/sunday/Documents/Project/Memory Product/backend/venv/lib/python3.12/site-packages/rest_framework/request.py\", line 385, in _authenticate\n    user_auth_tuple = authenticator.authenticate(self)\n                      ^^^^^^^^^^^^^^^^^^^^^^^^^^^^^^^^\n  File \"/Users/sunday/Documents/Project/Memory Product/backend/apps/user/utils/authentication.py\", line 35, in authenticate\n    return self.get_user(validated_token), validated_token\n           ^^^^^^^^^^^^^^^^^^^^^^^^^^^^^^\n  File \"/Users/sunday/Documents/Project/Memory Product/backend/venv/lib/python3.12/site-packages/rest_framework_simplejwt/authentication.py\", line 132, in get_user\n    user = self.user_model.objects.get(**{api_settings.USER_ID_FIELD: user_id})\n           ^^^^^^^^^^^^^^^^^^^^^^^^^^^^^^^^^^^^^^^^^^^^^^^^^^^^^^^^^^^^^^^^^^^^\n  File \"/Users/sunday/Documents/Project/Memory Product/backend/venv/lib/python3.12/site-packages/django/db/models/manager.py\", line 87, in manager_method\n    return getattr(self.get_queryset(), name)(*args, **kwargs)\n           ^^^^^^^^^^^^^^^^^^^^^^^^^^^^^^^^^^^^^^^^^^^^^^^^^^^\n  File \"/Users/sunday/Documents/Project/Memory Product/backend/venv/lib/python3.12/site-packages/django/db/models/query.py\", line 647, in get\n    num = len(clone)\n          ^^^^^^^^^^\n  File \"/Users/sunday/Documents/Project/Memory Product/backend/venv/lib/python3.12/site-packages/django/db/models/query.py\", line 384, in __len__\n    self._fetch_all()\n    ^^^^^^^^^^^^^^^^^\n  File \"/Users/sunday/Documents/Project/Memory Product/backend/venv/lib/python3.12/site-packages/django/db/models/query.py\", line 1933, in _fetch_all\n    self._result_cache = list(self._iterable_class(self))\n                         ^^^^^^^^^^^^^^^^^^^^^^^^^^^^^^^^\n  File \"/Users/sunday/Documents/Project/Memory Product/backend/venv/lib/python3.12/site-packages/django/db/models/query.py\", line 93, in __iter__\n    results = compiler.execute_sql(\n              \n  File \"/Users/sunday/Documents/Project/Memory Product/backend/venv/lib/python3.12/site-packages/django/db/models/sql/compiler.py\", line 1572, in execute_sql\n    cursor = self.connection.cursor()\n             ^^^^^^^^^^^^^^^^^^^^^^^^\n  File \"/Users/sunday/Documents/Project/Memory Product/backend/venv/lib/python3.12/site-packages/django/utils/asyncio.py\", line 26, in inner\n    return func(*args, **kwargs)\n           ^^^^^^^^^^^^^^^^^^^^^\n  File \"/Users/sunday/Documents/Project/Memory Product/backend/venv/lib/python3.12/site-packages/django/db/backends/base/base.py\", line 319, in cursor\n    return self._cursor()\n           ^^^^^^^^^^^^^^\n  File \"/Users/sunday/Documents/Project/Memory Product/backend/venv/lib/python3.12/site-packages/django/db/backends/base/base.py\", line 295, in _cursor\n    self.ensure_connection()\n    ^^^^^^^^^^^^^^^^^^^^^^^^\n  File \"/Users/sunday/Documents/Project/Memory Product/backend/venv/lib/python3.12/site-packages/django/utils/asyncio.py\", line 26, in inner\n    return func(*args, **kwargs)\n           ^^^^^^^^^^^^^^^^^^^^^\n  File \"/Users/sunday/Documents/Project/Memory Product/backend/venv/lib/python3.12/site-packages/django/db/backends/base/base.py\", line 277, in ensure_connection\n    with self.wrap_database_errors:\n         ^^^^^^^^^^^^^^^^^^^^^^^^^\n  File \"/Users/sunday/Documents/Project/Memory Product/backend/venv/lib/python3.12/site-packages/django/db/utils.py\", line 91, in __exit__\n    raise dj_exc_value.with_traceback(traceback) from exc_value\n    ^^^^^^^^^^^^^^^^^^^^^^^^^^^^^^^^^^^^^^^^^^^^^^^^^^^^^^^^^^^\n  File \"/Users/sunday/Documents/Project/Memory Product/backend/venv/lib/python3.12/site-packages/django/db/backends/base/base.py\", line 278, in ensure_connection\n    self.connect()\n    ^^^^^^^^^^^^^^\n  File \"/Users/sunday/Documents/Project/Memory Product/backend/venv/lib/python3.12/site-packages/django/utils/asyncio.py\", line 26, in inner\n    return func(*args, **kwargs)\n           ^^^^^^^^^^^^^^^^^^^^^\n  File \"/Users/sunday/Documents/Project/Memory Product/backend/venv/lib/python3.12/site-packages/django/db/backends/base/base.py\", line 255, in connect\n    self.connection = self.get_new_connection(conn_params)\n                      ^^^^^^^^^^^^^^^^^^^^^^^^^^^^^^^^^^^^\n  File \"/Users/sunday/Documents/Project/Memory Product/backend/venv/lib/python3.12/site-packages/django/utils/asyncio.py\", line 26, in inner\n    return func(*args, **kwargs)\n           ^^^^^^^^^^^^^^^^^^^^^\n  File \"/Users/sunday/Documents/Project/Memory Product/backend/venv/lib/python3.12/site-packages/django/db/backends/postgresql/base.py\", line 332, in get_new_connection\n    connection = self.Database.connect(**conn_params)\n                 ^^^^^^^^^^^^^^^^^^^^^^^^^^^^^^^^^^^^\n  File \"/Users/sunday/Documents/Project/Memory Product/backend/venv/lib/python3.12/site-packages/psycopg/connection.py\", line 100, in connect\n    attempts = conninfo_attempts(params)\n               ^^^^^^^^^^^^^^^^^^^^^^^^^\n  File \"/Users/sunday/Documents/Project/Memory Product/backend/venv/lib/python3.12/site-packages/psycopg/_conninfo_attempts.py\", line 55, in conninfo_attempts\n    raise last_exc\n    ^^^^^^^^^^^^^^\n\nException Type: OperationalError at /api/auth/me/\nException Value: failed to resolve host 'aws-1-eu-central-1.pooler.supabase.com': [Errno 8] nodename nor servname provided, or not known\nRaised during: apps.user.views.auth.MeView\nRequest information:\nUSER: admin@test.com\n\nGET: No GET data\n\nPOST: No POST data\n\nFILES: No FILES data\n\nCOOKIES:\nrefresh_token = '********************'\n__next_hmr_refresh_hash__ = '396'\ncsrftoken = '********************'\nsessionid = '********************'\naccess_token = '********************'\n\nMETA:\nANTIGRAVITY_CLI_ALIAS = 'agy-ide'\nAUTH_COOKIE_DOMAIN = 'localhost'\nAUTH_COOKIE_SECURE = 'False'\nBUNDLED_DEBUGPY_PATH = '/Users/sunday/.antigravity-ide/extensions/ms-python.debugpy-2026.6.0-darwin-arm64/bundled/libs/debugpy'\nCLAUDE_CODE_SSE_PORT = '36735'\nCLOUDINARY_API_KEY = '********************'\nCLOUDINARY_API_SECRET = '********************'\nCLOUDINARY_CLOUD_NAME = 'diuu6juk2'\nCOLORTERM = 'truecolor'\nCOMMAND_MODE = 'unix2003'\nCONTENT_LENGTH = ''\nCONTENT_TYPE = 'text/plain'\nCORS_ALLOWED_ORIGINS = 'http://localhost:3000'\nCSRF_COOKIE = 'LzXLbuX199NXLKESVdstRIOMdmfJXaZm'\nCSRF_TRUSTED_ORIGINS = 'http://localhost:3000'\nDATABASE_URL = 'postgresql://postgres.slvanemakaelexadiega:LetKeepMemory@2026!@aws-1-eu-central-1.pooler.supabase.com:6543/postgres'\nDEFAULT_FROM_EMAIL = 'Lets Keep Memories <no-reply@suavesystems.com>'\nDISPLAY = '/var/run/com.apple.launchd.19mbr0jVlv/org.xquartz:0'\nDJANGO_ALLOWED_HOSTS = 'localhost,127.0.0.1,localhost:3001,localhost:3000'\nDJANGO_SECRET_KEY = '********************'\nDJANGO_SETTINGS_MODULE = 'config.settings.dev'\nENV = 'local'\nFPATH = '/Users/sunday/.oh-my-zsh/plugins/git:/Users/sunday/.oh-my-zsh/functions:/Users/sunday/.oh-my-zsh/completions:/Users/sunday/.oh-my-zsh/custom/functions:/Users/sunday/.oh-my-zsh/custom/completions:/opt/homebrew/share/zsh/site-functions:/Users/sunday/.oh-my-zsh/plugins/git:/Users/sunday/.oh-my-zsh/functions:/Users/sunday/.oh-my-zsh/completions:/Users/sunday/.oh-my-zsh/custom/functions:/Users/sunday/.oh-my-zsh/custom/completions:/Users/sunday/.oh-my-zsh/cache/completions:/opt/homebrew/share/zsh/site-functions:/usr/local/share/zsh/site-functions:/usr/share/zsh/site-functions:/usr/share/zsh/5.9/functions'\nFRONTEND_URL = 'http://localhost:3000'\nGATEWAY_INTERFACE = 'CGI/1.1'\nGIT_ASKPASS = '********************'\nGOPATH = '/Users/sunday/go'\nHOME = '/Users/sunday'\nHOMEBREW_CELLAR = '/opt/homebrew/Cellar'\nHOMEBREW_PREFIX = '/opt/homebrew'\nHOMEBREW_REPOSITORY = '/opt/homebrew'\nHTTP_ACCEPT = 'application/json'\nHTTP_ACCEPT_ENCODING = 'gzip, deflate, br, zstd'\nHTTP_ACCEPT_LANGUAGE = 'en-NG,en;q=0.9'\nHTTP_CONNECTION = 'keep-alive'\nHTTP_COOKIE = '********************'\nHTTP_HOST = 'localhost:8000'\nHTTP_ORIGIN = 'http://localhost:3000'\nHTTP_REFERER = 'http://localhost:3000/'\nHTTP_SEC_CH_UA = '\"Google Chrome\";v=\"149\", \"Chromium\";v=\"149\", \"Not)A;Brand\";v=\"24\"'\nHTTP_SEC_CH_UA_MOBILE = '?0'\nHTTP_SEC_CH_UA_PLATFORM = '\"macOS\"'\nHTTP_SEC_FETCH_DEST = 'empty'\nHTTP_SEC_FETCH_MODE = 'cors'\nHTTP_SEC_FETCH_SITE = 'same-site'\nHTTP_USER_AGENT = 'Mozilla/5.0 (Macintosh; Intel Mac OS X 10_15_7) AppleWebKit/537.36 (KHTML, like Gecko) Chrome/149.0.0.0 Safari/537.36'\nINFOPATH = '/opt/homebrew/share/info:/opt/homebrew/share/info:'\nLANG = 'C.UTF-8'\nLESS = '-R'\nLOGNAME = 'sunday'\nLSCOLORS = 'Gxfxcxdxbxegedabagacad'\nLS_COLORS = 'di=1;36:ln=35:so=32:pi=33:ex=31:bd=34;46:cd=34;43:su=30;41:sg=30;46:tw=30;42:ow=30;43'\nMallocNanoZone = '0'\nNVM_BIN = '/Users/sunday/.nvm/versions/node/v22.11.0/bin'\nNVM_CD_FLAGS = '-q'\nNVM_DIR = '/Users/sunday/.nvm'\nNVM_INC = '/Users/sunday/.nvm/versions/node/v22.11.0/include/node'\nOLDPWD = '/Users/sunday/Documents/Project/Memory Product/backend'\nOPENAI_API_KEY = '********************'\nOSLogRateLimit = '64'\nPAGER = 'less'\nPATH = '/Users/sunday/Documents/Project/Memory Product/backend/venv/bin:/Users/sunday/.antigravity-ide/antigravity-ide/bin:/Users/sunday/.antigravity/antigravity/bin:/usr/local/bin/wrench:/opt/homebrew/opt/openjdk/bin:/Users/sunday/.nvm/versions/node/v22.11.0/bin:/Users/sunday/Documents/Mercurie/google-cloud-sdk/bin:/opt/homebrew/bin:/opt/homebrew/sbin:/usr/local/bin:/System/Cryptexes/App/usr/bin:/usr/bin:/bin:/usr/sbin:/sbin:/var/run/com.apple.security.cryptexd/codex.system/bootstrap/usr/local/bin:/var/run/com.apple.security.cryptexd/codex.system/bootstrap/usr/bin:/var/run/com.apple.security.cryptexd/codex.system/bootstrap/usr/appleinternal/bin:/opt/pkg/env/active/bin:/opt/pmk/env/global/bin:/opt/X11/bin:/Library/Apple/usr/bin:/usr/local/go/bin:/Users/sunday/.antigravity-ide/antigravity-ide/bin:/Users/sunday/.antigravity/antigravity/bin:/usr/local/bin/wrench:/opt/homebrew/opt/openjdk/bin:/Users/sunday/.nvm/versions/node/v22.11.0/bin:/Users/sunday/Documents/Mercurie/google-cloud-sdk/bin:/Users/sunday/.cargo/bin:/Users/sunday/.local/bin:/Applications/Visual Studio Code.app/Contents/Resources/app/bin:/Users/sunday/go/bin:/Users/sunday/.antigravity-ide/extensions/ms-python.debugpy-2026.6.0-darwin-arm64/bundled/scripts/noConfigScripts:/Applications/Visual Studio Code.app/Contents/Resources/app/bin:/Users/sunday/go/bin'\nPATH_INFO = '/api/auth/me/'\nPAYSTACK_SECRET_KEY = '********************'\nPS1 = '((venv) ) %(?:%{\\x1b[01;32m%}%1{\u279c%} :%{\\x1b[01;31m%}%1{\u279c%} ) %{\\x1b[36m%}%c%{\\x1b[00m%} $(git_prompt_info)'\nPWD = '/Users/sunday/Documents/Project/Memory Product/backend'\nPYDEVD_DISABLE_FILE_VALIDATION = '1'\nPYTHONSTARTUP = '/Users/sunday/Library/Application Support/Antigravity IDE/User/workspaceStorage/3434cb836c92bb99989ad07df6a0e4a4/ms-python.python/pythonrc.py'\nPYTHON_BASIC_REPL = '1'\nQTERM_SESSION_ID = '77383e5afd444a279ffe46076639530a'\nQUERY_STRING = ''\nQ_SET_PARENT_CHECK = '1'\nQ_TERM = '2.8.1'\nREMOTE_ADDR = '127.0.0.1'\nREMOTE_HOST = ''\nREQUEST_METHOD = 'GET'\nRESEND_API_KEY = '********************'\nRUN_MAIN = 'true'\nSCRIPT_NAME = ''\nSERVER_NAME = '1.0.0.127.in-addr.arpa'\nSERVER_PORT = '8000'\nSERVER_PROTOCOL = 'HTTP/1.1'\nSERVER_SOFTWARE = 'WSGIServer/0.2'\nSHELL = '/bin/zsh'\nSHELL_PID = '5249'\nSHLVL = '1'\nSSH_AUTH_SOCK = '/var/run/com.apple.launchd.c3gaXvmRsN/Listeners'\nTERM = 'xterm-256color'\nTERM_PROGRAM = 'vscode'\nTERM_PROGRAM_VERSION = '1.107.0'\nTMPDIR = '/var/folders/m6/g0g5s7xj1bb0t_b07dntgz4r0000gn/T/'\nTTY = '/dev/ttys042'\nTZ = 'UTC'\nUSER = 'sunday'\nUSER_ZDOTDIR = '/Users/sunday'\nVIRTUAL_ENV = '/Users/sunday/Documents/Project/Memory Product/backend/venv'\nVIRTUAL_ENV_PROMPT = '(venv) '\nVSCODE_DEBUGPY_ADAPTER_ENDPOINTS = '/Users/sunday/.antigravity-ide/extensions/ms-python.debugpy-2026.6.0-darwin-arm64/.noConfigDebugAdapterEndpoints/endpoint-b1dabd37cc1f5828.txt'\nVSCODE_GIT_ASKPASS_EXTRA_ARGS = '********************'\nVSCODE_GIT_ASKPASS_MAIN = '********************'\nVSCODE_GIT_ASKPASS_NODE = '********************'\nVSCODE_GIT_IPC_HANDLE = '/var/folders/m6/g0g5s7xj1bb0t_b07dntgz4r0000gn/T/vscode-git-16de545c68.sock'\nVSCODE_INJECTION = '1'\nVSCODE_NONCE = 'a58ad72e-5301-43e7-b4b1-676944ac19fd'\nVSCODE_PROFILE_INITIALIZED = '1'\nXPC_FLAGS = '0x0'\nXPC_SERVICE_NAME = '0'\nZDOTDIR = '/Users/sunday'\nZSH = '/Users/sunday/.oh-my-zsh'\n_ = '/Users/sunday/Documents/Project/Memory Product/backend/venv/bin/python'\n__CFBundleIdentifier = 'com.google.antigravity-ide'\n__CF_USER_TEXT_ENCODING = '0x1F5:0x0:0x0'\nwsgi.errors = <_io.TextIOWrapper name='<stderr>' mode='w' encoding='utf-8'>\nwsgi.file_wrapper = <class 'wsgiref.util.FileWrapper'>\nwsgi.input = <django.core.handlers.wsgi.LimitedStream object at 0x10d6d82e0>\nwsgi.multiprocess = False\nwsgi.multithread = True\nwsgi.run_once = False\nwsgi.url_scheme = 'http'\nwsgi.version = '(1, 0)'\n\nSettings:\nUsing settings module config.settings.dev\nABSOLUTE_URL_OVERRIDES = {}\nADMINS = []\nALLOWED_HOSTS = ['localhost', '127.0.0.1']\nAPPEND_SLASH = True\nASGI_APPLICATION = 'config.asgi.application'\nAUTHENTICATION_BACKENDS = ['django.contrib.auth.backends.ModelBackend']\nAUTH_COOKIE_ACCESS = 'access_token'\nAUTH_COOKIE_DOMAIN = 'localhost'\nAUTH_COOKIE_REFRESH = 'refresh_token'\nAUTH_COOKIE_SAMESITE = 'Lax'\nAUTH_COOKIE_SECURE = False\nAUTH_PASSWORD_VALIDATORS = '********************'\nAUTH_USER_MODEL = 'user.User'\nBASE_DIR = PosixPath('/Users/sunday/Documents/Project/Memory Product/backend')\nCACHES = {'default': {'BACKEND': 'django.core.cache.backends.locmem.LocMemCache'}}\nCACHE_MIDDLEWARE_ALIAS = 'default'\nCACHE_MIDDLEWARE_KEY_PREFIX = '********************'\nCACHE_MIDDLEWARE_SECONDS = 600\nCELERY_TASK_ALWAYS_EAGER = True\nCELERY_TASK_EAGER_PROPAGATES = True\nCLOUDINARY_API_KEY = '********************'\nCLOUDINARY_API_SECRET = '********************'\nCLOUDINARY_CLOUD_NAME = 'diuu6juk2'\nCORS_ALLOWED_ORIGINS = ['http://localhost:3000']\nCORS_ALLOW_CREDENTIALS = True\nCSRF_COOKIE_AGE = 31449600\nCSRF_COOKIE_DOMAIN = None\nCSRF_COOKIE_HTTPONLY = False\nCSRF_COOKIE_NAME = 'csrftoken'\nCSRF_COOKIE_PATH = '/'\nCSRF_COOKIE_SAMESITE = 'Lax'\nCSRF_COOKIE_SECURE = False\nCSRF_FAILURE_VIEW = 'django.views.csrf.csrf_failure'\nCSRF_HEADER_NAME = 'HTTP_X_CSRFTOKEN'\nCSRF_TRUSTED_ORIGINS = ['http://localhost:3000']\nCSRF_USE_SESSIONS = False\nDATABASES = {'default': {'NAME': 'postgres', 'USER': 'postgres.slvanemakaelexadiega', 'PASSWORD': '********************', 'HOST': 'aws-1-eu-central-1.pooler.supabase.com', 'PORT': 6543, 'ENGINE': 'django.db.backends.postgresql', 'ATOMIC_REQUESTS': False, 'AUTOCOMMIT': True, 'CONN_MAX_AGE': 0, 'CONN_HEALTH_CHECKS': False, 'OPTIONS': {}, 'TIME_ZONE': None, 'TEST': {'CHARSET': None, 'COLLATION': None, 'MIGRATE': True, 'MIRROR': None, 'NAME': None}}}\nDATABASE_ROUTERS = []\nDATA_UPLOAD_MAX_MEMORY_SIZE = 2621440\nDATA_UPLOAD_MAX_NUMBER_FIELDS = 1000\nDATA_UPLOAD_MAX_NUMBER_FILES = 100\nDATETIME_FORMAT = 'N j, Y, P'\nDATETIME_INPUT_FORMATS = ['%Y-%m-%d %H:%M:%S', '%Y-%m-%d %H:%M:%S.%f', '%Y-%m-%d %H:%M', '%m/%d/%Y %H:%M:%S', '%m/%d/%Y %H:%M:%S.%f', '%m/%d/%Y %H:%M', '%m/%d/%y %H:%M:%S', '%m/%d/%y %H:%M:%S.%f', '%m/%d/%y %H:%M']\nDATE_FORMAT = 'N j, Y'\nDATE_INPUT_FORMATS = ['%Y-%m-%d', '%m/%d/%Y', '%m/%d/%y', '%b %d %Y', '%b %d, %Y', '%d %b %Y', '%d %b, %Y', '%B %d %Y', '%B %d, %Y', '%d %B %Y', '%d %B, %Y']\nDEBUG = True\nDEBUG_PROPAGATE_EXCEPTIONS = False\nDECIMAL_SEPARATOR = '.'\nDEFAULT_AUTO_FIELD = 'django.db.models.BigAutoField'\nDEFAULT_CHARSET = 'utf-8'\nDEFAULT_EXCEPTION_REPORTER = 'django.views.debug.ExceptionReporter'\nDEFAULT_EXCEPTION_REPORTER_FILTER = 'django.views.debug.SafeExceptionReporterFilter'\nDEFAULT_FROM_EMAIL = 'Lets Keep Memories <no-reply@suavesystems.com>'\nDEFAULT_INDEX_TABLESPACE = ''\nDEFAULT_TABLESPACE = ''\nDISALLOWED_USER_AGENTS = []\nDJANGO_APPS = ['django.contrib.admin', 'django.contrib.auth', 'django.contrib.contenttypes', 'django.contrib.sessions', 'django.contrib.messages', 'django.contrib.staticfiles']\nEMAIL_BACKEND = 'django.core.mail.backends.smtp.EmailBackend'\nEMAIL_HOST = 'localhost'\nEMAIL_HOST_PASSWORD = '********************'\nEMAIL_HOST_USER = ''\nEMAIL_PORT = 25\nEMAIL_SSL_CERTFILE = None\nEMAIL_SSL_KEYFILE = '********************'\nEMAIL_SUBJECT_PREFIX = '[Django] '\nEMAIL_TIMEOUT = None\nEMAIL_USE_LOCALTIME = False\nEMAIL_USE_SSL = False\nEMAIL_USE_TLS = False\nENVIRONMENT = 'local'\nFILE_UPLOAD_DIRECTORY_PERMISSIONS = None\nFILE_UPLOAD_HANDLERS = ['django.core.files.uploadhandler.MemoryFileUploadHandler', 'django.core.files.uploadhandler.TemporaryFileUploadHandler']\nFILE_UPLOAD_MAX_MEMORY_SIZE = 2621440\nFILE_UPLOAD_PERMISSIONS = 420\nFILE_UPLOAD_TEMP_DIR = None\nFIRST_DAY_OF_WEEK = 0\nFIXTURE_DIRS = []\nFORCE_SCRIPT_NAME = None\nFORMAT_MODULE_PATH = None\nFORMS_URLFIELD_ASSUME_HTTPS = False\nFORM_RENDERER = 'django.forms.renderers.DjangoTemplates'\nFRONTEND_URL = 'http://localhost:3000'\nIGNORABLE_404_URLS = []\nINSTALLED_APPS = ['django.contrib.admin', 'django.contrib.auth', 'django.contrib.contenttypes', 'django.contrib.sessions', 'django.contrib.messages', 'django.contrib.staticfiles', 'rest_framework', 'rest_framework_simplejwt', 'rest_framework_simplejwt.token_blacklist', 'corsheaders', 'django_filters', 'drf_spectacular', 'apps.core', 'apps.user', 'apps.event', 'apps.subscription', 'apps.payment']\nINTERNAL_IPS = []\nLANGUAGES = [('af', 'Afrikaans'), ('ar', 'Arabic'), ('ar-dz', 'Algerian Arabic'), ('ast', 'Asturian'), ('az', 'Azerbaijani'), ('bg', 'Bulgarian'), ('be', 'Belarusian'), ('bn', 'Bengali'), ('br', 'Breton'), ('bs', 'Bosnian'), ('ca', 'Catalan'), ('ckb', 'Central Kurdish (Sorani)'), ('cs', 'Czech'), ('cy', 'Welsh'), ('da', 'Danish'), ('de', 'German'), ('dsb', 'Lower Sorbian'), ('el', 'Greek'), ('en', 'English'), ('en-au', 'Australian English'), ('en-gb', 'British English'), ('eo', 'Esperanto'), ('es', 'Spanish'), ('es-ar', 'Argentinian Spanish'), ('es-co', 'Colombian Spanish'), ('es-mx', 'Mexican Spanish'), ('es-ni', 'Nicaraguan Spanish'), ('es-ve', 'Venezuelan Spanish'), ('et', 'Estonian'), ('eu', 'Basque'), ('fa', 'Persian'), ('fi', 'Finnish'), ('fr', 'French'), ('fy', 'Frisian'), ('ga', 'Irish'), ('gd', 'Scottish Gaelic'), ('gl', 'Galician'), ('he', 'Hebrew'), ('hi', 'Hindi'), ('hr', 'Croatian'), ('hsb', 'Upper Sorbian'), ('hu', 'Hungarian'), ('hy', 'Armenian'), ('ia', 'Interlingua'), ('id', 'Indonesian'), ('ig', 'Igbo'), ('io', 'Ido'), ('is', 'Icelandic'), ('it', 'Italian'), ('ja', 'Japanese'), ('ka', 'Georgian'), ('kab', 'Kabyle'), ('kk', 'Kazakh'), ('km', 'Khmer'), ('kn', 'Kannada'), ('ko', 'Korean'), ('ky', 'Kyrgyz'), ('lb', 'Luxembourgish'), ('lt', 'Lithuanian'), ('lv', 'Latvian'), ('mk', 'Macedonian'), ('ml', 'Malayalam'), ('mn', 'Mongolian'), ('mr', 'Marathi'), ('ms', 'Malay'), ('my', 'Burmese'), ('nb', 'Norwegian Bokm\u00e5l'), ('ne', 'Nepali'), ('nl', 'Dutch'), ('nn', 'Norwegian Nynorsk'), ('os', 'Ossetic'), ('pa', 'Punjabi'), ('pl', 'Polish'), ('pt', 'Portuguese'), ('pt-br', 'Brazilian Portuguese'), ('ro', 'Romanian'), ('ru', 'Russian'), ('sk', 'Slovak'), ('sl', 'Slovenian'), ('sq', 'Albanian'), ('sr', 'Serbian'), ('sr-latn', 'Serbian Latin'), ('sv', 'Swedish'), ('sw', 'Swahili'), ('ta', 'Tamil'), ('te', 'Telugu'), ('tg', 'Tajik'), ('th', 'Thai'), ('tk', 'Turkmen'), ('tr', 'Turkish'), ('tt', 'Tatar'), ('udm', 'Udmurt'), ('ug', 'Uyghur'), ('uk', 'Ukrainian'), ('ur', 'Urdu'), ('uz', 'Uzbek'), ('vi', 'Vietnamese'), ('zh-hans', 'Simplified Chinese'), ('zh-hant', 'Traditional Chinese')]\nLANGUAGES_BIDI = ['he', 'ar', 'ar-dz', 'ckb', 'fa', 'ug', 'ur']\nLANGUAGE_CODE = 'en-us'\nLANGUAGE_COOKIE_AGE = None\nLANGUAGE_COOKIE_DOMAIN = None\nLANGUAGE_COOKIE_HTTPONLY = False\nLANGUAGE_COOKIE_NAME = 'django_language'\nLANGUAGE_COOKIE_PATH = '/'\nLANGUAGE_COOKIE_SAMESITE = None\nLANGUAGE_COOKIE_SECURE = False\nLOCALE_PATHS = []\nLOCAL_APPS = ['apps.core', 'apps.user', 'apps.event', 'apps.subscription', 'apps.payment']\nLOGGING = {'version': 1, 'disable_existing_loggers': False, 'handlers': {'console': {'class': 'logging.StreamHandler'}}, 'root': {'handlers': ['console'], 'level': 'INFO'}, 'loggers': {'django': {'handlers': ['console'], 'level': 'INFO', 'propagate': False}}}\nLOGGING_CONFIG = 'logging.config.dictConfig'\nLOGIN_REDIRECT_URL = '/accounts/profile/'\nLOGIN_URL = '/accounts/login/'\nLOGOUT_REDIRECT_URL = None\nMANAGERS = []\nMEDIA_ROOT = ''\nMEDIA_URL = '/'\nMESSAGE_STORAGE = 'django.contrib.messages.storage.fallback.FallbackStorage'\nMIDDLEWARE = ['django.middleware.security.SecurityMiddleware', 'whitenoise.middleware.WhiteNoiseMiddleware', 'corsheaders.middleware.CorsMiddleware', 'django.contrib.sessions.middleware.SessionMiddleware', 'django.middleware.common.CommonMiddleware', 'django.middleware.csrf.CsrfViewMiddleware', 'django.contrib.auth.middleware.AuthenticationMiddleware', 'django.contrib.messages.middleware.MessageMiddleware', 'django.middleware.clickjacking.XFrameOptionsMiddleware', 'apps.core.utils.middleware.ErrorTrackingMiddleware']\nMIGRATION_MODULES = {}\nMONTH_DAY_FORMAT = 'F j'\nNUMBER_GROUPING = 0\nOPENAI_API_KEY = '********************'\nPASSWORD_HASHERS = '********************'\nPASSWORD_RESET_TIMEOUT = '********************'\nPAYSTACK_SECRET_KEY = '********************'\nPREPEND_WWW = False\nRESEND_API_KEY = '********************'\nREST_FRAMEWORK = {'DEFAULT_AUTHENTICATION_CLASSES': ('apps.user.utils.authentication.CookieJWTAuthentication',), 'DEFAULT_PERMISSION_CLASSES': ('rest_framework.permissions.IsAuthenticated',), 'DEFAULT_PAGINATION_CLASS': 'apps.core.utils.pagination.DefaultPagination', 'PAGE_SIZE': 20, 'DEFAULT_FILTER_BACKENDS': ('django_filters.rest_framework.DjangoFilterBackend',), 'DEFAULT_THROTTLE_CLASSES': ('rest_framework.throttling.AnonRateThrottle', 'rest_framework.throttling.UserRateThrottle'), 'DEFAULT_THROTTLE_RATES': {'anon': '100/hour', 'user': '1000/hour', 'guest_wish': '20/hour', 'auth': '20/hour', 'otp_confirm': '10/hour'}, 'DEFAULT_SCHEMA_CLASS': 'drf_spectacular.openapi.AutoSchema', 'EXCEPTION_HANDLER': 'apps.core.utils.exceptions.api_exception_handler', 'DEFAULT_RENDERER_CLASSES': ('rest_framework.renderers.JSONRenderer',)}\nROOT_URLCONF = 'config.urls'\nSECRET_KEY = '********************'\nSECRET_KEY_FALLBACKS = '********************'\nSECURE_CONTENT_TYPE_NOSNIFF = True\nSECURE_CROSS_ORIGIN_OPENER_POLICY = 'same-origin'\nSECURE_HSTS_INCLUDE_SUBDOMAINS = False\nSECURE_HSTS_PRELOAD = False\nSECURE_HSTS_SECONDS = 0\nSECURE_PROXY_SSL_HEADER = None\nSECURE_REDIRECT_EXEMPT = []\nSECURE_REFERRER_POLICY = 'same-origin'\nSECURE_SSL_HOST = None\nSECURE_SSL_REDIRECT = False\nSERVER_EMAIL = 'root@localhost'\nSESSION_CACHE_ALIAS = 'default'\nSESSION_COOKIE_AGE = 1209600\nSESSION_COOKIE_DOMAIN = None\nSESSION_COOKIE_HTTPONLY = True\nSESSION_COOKIE_NAME = 'sessionid'\nSESSION_COOKIE_PATH = '/'\nSESSION_COOKIE_SAMESITE = 'Lax'\nSESSION_COOKIE_SECURE = False\nSESSION_ENGINE = 'django.contrib.sessions.backends.db'\nSESSION_EXPIRE_AT_BROWSER_CLOSE = False\nSESSION_FILE_PATH = None\nSESSION_SAVE_EVERY_REQUEST = False\nSESSION_SERIALIZER = 'django.contrib.sessions.serializers.JSONSerializer'\nSETTINGS_MODULE = 'config.settings.dev'\nSHORT_DATETIME_FORMAT = 'm/d/Y P'\nSHORT_DATE_FORMAT = 'm/d/Y'\nSIGNING_BACKEND = 'django.core.signing.TimestampSigner'\nSILENCED_SYSTEM_CHECKS = []\nSIMPLE_JWT = {'ACCESS_TOKEN_LIFETIME': '********************', 'REFRESH_TOKEN_LIFETIME': '********************', 'ROTATE_REFRESH_TOKENS': '********************', 'BLACKLIST_AFTER_ROTATION': True, 'UPDATE_LAST_LOGIN': True, 'AUTH_HEADER_TYPES': ('Bearer',)}\nSPECTACULAR_SETTINGS = {'TITLE': 'Lets Keep Memories API', 'DESCRIPTION': 'API for the Lets Keep Memories digital memory & celebration platform.', 'VERSION': '1.0.0', 'SERVE_INCLUDE_SCHEMA': False}\nSTATICFILES_DIRS = []\nSTATICFILES_FINDERS = ['django.contrib.staticfiles.finders.FileSystemFinder', 'django.contrib.staticfiles.finders.AppDirectoriesFinder']\nSTATIC_ROOT = PosixPath('/Users/sunday/Documents/Project/Memory Product/backend/staticfiles')\nSTATIC_URL = '/static/'\nSTORAGES = {'staticfiles': {'BACKEND': 'whitenoise.storage.CompressedManifestStaticFilesStorage'}}\nTEMPLATES = [{'BACKEND': 'django.template.backends.django.DjangoTemplates', 'DIRS': [PosixPath('/Users/sunday/Documents/Project/Memory Product/backend/templates')], 'APP_DIRS': True, 'OPTIONS': {'context_processors': ['django.template.context_processors.debug', 'django.template.context_processors.request', 'django.contrib.auth.context_processors.auth', 'django.contrib.messages.context_processors.messages']}}]\nTEST_NON_SERIALIZED_APPS = []\nTEST_RUNNER = 'django.test.runner.DiscoverRunner'\nTHIRD_PARTY_APPS = ['rest_framework', 'rest_framework_simplejwt', 'rest_framework_simplejwt.token_blacklist', 'corsheaders', 'django_filters', 'drf_spectacular']\nTHOUSAND_SEPARATOR = ','\nTIME_FORMAT = 'P'\nTIME_INPUT_FORMATS = ['%H:%M:%S', '%H:%M:%S.%f', '%H:%M']\nTIME_ZONE = 'UTC'\nUSE_I18N = True\nUSE_THOUSAND_SEPARATOR = False\nUSE_TZ = True\nUSE_X_FORWARDED_HOST = False\nUSE_X_FORWARDED_PORT = False\nWSGI_APPLICATION = 'config.wsgi.application'\nX_FRAME_OPTIONS = 'DENY'\nYEAR_MONTH_FORMAT = 'F Y'\n\n\nYou\u2019re seeing this error because you have DEBUG = True in your\nDjango settings file. Change that to False, and Django will\ndisplay a standard page generated by the handler for this status code.\n\n"}
HTTP Error 500 at /api/event-types/: {"status_code": 500, "path": "/api/event-types/", "method": "GET", "user": "AnonymousUser", "request_body": null, "response_payload": "OperationalError at /api/event-types/\nfailed to resolve host 'aws-1-eu-central-1.pooler.supabase.com': [Errno 8] nodename nor servname provided, or not known\n\nRequest Method: GET\nRequest URL: http://localhost:8000/api/event-types/\nDjango Version: 5.1.15\nPython Executable: /Users/sunday/Documents/Project/Memory Product/backend/venv/bin/python\nPython Version: 3.12.11\nPython Path: ['/Users/sunday/Documents/Project/Memory Product/backend', '/opt/homebrew/Cellar/python@3.12/3.12.11/Frameworks/Python.framework/Versions/3.12/lib/python312.zip', '/opt/homebrew/Cellar/python@3.12/3.12.11/Frameworks/Python.framework/Versions/3.12/lib/python3.12', '/opt/homebrew/Cellar/python@3.12/3.12.11/Frameworks/Python.framework/Versions/3.12/lib/python3.12/lib-dynload', '/Users/sunday/Documents/Project/Memory Product/backend/venv/lib/python3.12/site-packages']\nServer time: Wed, 24 Jun 2026 02:01:43 +0000\nInstalled Applications:\n['django.contrib.admin',\n 'django.contrib.auth',\n 'django.contrib.contenttypes',\n 'django.contrib.sessions',\n 'django.contrib.messages',\n 'django.contrib.staticfiles',\n 'rest_framework',\n 'rest_framework_simplejwt',\n 'rest_framework_simplejwt.token_blacklist',\n 'corsheaders',\n 'django_filters',\n 'drf_spectacular',\n 'apps.core',\n 'apps.user',\n 'apps.event',\n 'apps.subscription',\n 'apps.payment']\nInstalled Middleware:\n['django.middleware.security.SecurityMiddleware',\n 'whitenoise.middleware.WhiteNoiseMiddleware',\n 'corsheaders.middleware.CorsMiddleware',\n 'django.contrib.sessions.middleware.SessionMiddleware',\n 'django.middleware.common.CommonMiddleware',\n 'django.middleware.csrf.CsrfViewMiddleware',\n 'django.contrib.auth.middleware.AuthenticationMiddleware',\n 'django.contrib.messages.middleware.MessageMiddleware',\n 'django.middleware.clickjacking.XFrameOptionsMiddleware',\n 'apps.core.utils.middleware.ErrorTrackingMiddleware']\n\n\nTraceback (most recent call last):\n  File \"/Users/sunday/Documents/Project/Memory Product/backend/venv/lib/python3.12/site-packages/django/db/backends/base/base.py\", line 278, in ensure_connection\n    self.connect()\n    ^^^^^^^^^^^^^^\n  File \"/Users/sunday/Documents/Project/Memory Product/backend/venv/lib/python3.12/site-packages/django/utils/asyncio.py\", line 26, in inner\n    return func(*args, **kwargs)\n           ^^^^^^^^^^^^^^^^^^^^^\n  File \"/Users/sunday/Documents/Project/Memory Product/backend/venv/lib/python3.12/site-packages/django/db/backends/base/base.py\", line 255, in connect\n    self.connection = self.get_new_connection(conn_params)\n                      ^^^^^^^^^^^^^^^^^^^^^^^^^^^^^^^^^^^^\n  File \"/Users/sunday/Documents/Project/Memory Product/backend/venv/lib/python3.12/site-packages/django/utils/asyncio.py\", line 26, in inner\n    return func(*args, **kwargs)\n           ^^^^^^^^^^^^^^^^^^^^^\n  File \"/Users/sunday/Documents/Project/Memory Product/backend/venv/lib/python3.12/site-packages/django/db/backends/postgresql/base.py\", line 332, in get_new_connection\n    connection = self.Database.connect(**conn_params)\n                 ^^^^^^^^^^^^^^^^^^^^^^^^^^^^^^^^^^^^\n  File \"/Users/sunday/Documents/Project/Memory Product/backend/venv/lib/python3.12/site-packages/psycopg/connection.py\", line 100, in connect\n    attempts = conninfo_attempts(params)\n               ^^^^^^^^^^^^^^^^^^^^^^^^^\n  File \"/Users/sunday/Documents/Project/Memory Product/backend/venv/lib/python3.12/site-packages/psycopg/_conninfo_attempts.py\", line 55, in conninfo_attempts\n    raise last_exc\n    ^^^^^^^^^^^^^^\n\nThe above exception (failed to resolve host 'aws-1-eu-central-1.pooler.supabase.com': [Errno 8] nodename nor servname provided, or not known) was the direct cause of the following exception:\n  File \"/Users/sunday/Documents/Project/Memory Product/backend/venv/lib/python3.12/site-packages/django/core/handlers/exception.py\", line 55, in inner\n    response = get_response(request)\n               ^^^^^^^^^^^^^^^^^^^^^\n  File \"/Users/sunday/Documents/Project/Memory Product/backend/venv/lib/python3.12/site-packages/django/core/handlers/base.py\", line 197, in _get_response\n    response = wrapped_callback(request, *callback_args, **callback_kwargs)\n               ^^^^^^^^^^^^^^^^^^^^^^^^^^^^^^^^^^^^^^^^^^^^^^^^^^^^^^^^^^^^\n  File \"/Users/sunday/Documents/Project/Memory Product/backend/venv/lib/python3.12/site-packages/django/views/decorators/csrf.py\", line 65, in _view_wrapper\n    return view_func(request, *args, **kwargs)\n           ^^^^^^^^^^^^^^^^^^^^^^^^^^^^^^^^^^^\n  File \"/Users/sunday/Documents/Project/Memory Product/backend/venv/lib/python3.12/site-packages/django/views/generic/base.py\", line 105, in view\n    return self.dispatch(request, *args, **kwargs)\n           ^^^^^^^^^^^^^^^^^^^^^^^^^^^^^^^^^^^^^^^\n  File \"/Users/sunday/Documents/Project/Memory Product/backend/venv/lib/python3.12/site-packages/rest_framework/views.py\", line 515, in dispatch\n    response = self.handle_exception(exc)\n               ^^^^^^^^^^^^^^^^^^^^^^^^^^\n  File \"/Users/sunday/Documents/Project/Memory Product/backend/venv/lib/python3.12/site-packages/rest_framework/views.py\", line 475, in handle_exception\n    self.raise_uncaught_exception(exc)\n    ^^^^^^^^^^^^^^^^^^^^^^^^^^^^^^^^^^\n  File \"/Users/sunday/Documents/Project/Memory Product/backend/venv/lib/python3.12/site-packages/rest_framework/views.py\", line 486, in raise_uncaught_exception\n    raise exc\n    ^^^^^^^^^\n  File \"/Users/sunday/Documents/Project/Memory Product/backend/venv/lib/python3.12/site-packages/rest_framework/views.py\", line 512, in dispatch\n    response = handler(request, *args, **kwargs)\n               ^^^^^^^^^^^^^^^^^^^^^^^^^^^^^^^^^\n  File \"/Users/sunday/Documents/Project/Memory Product/backend/venv/lib/python3.12/site-packages/rest_framework/generics.py\", line 203, in get\n    return self.list(request, *args, **kwargs)\n           ^^^^^^^^^^^^^^^^^^^^^^^^^^^^^^^^^^^\n  File \"/Users/sunday/Documents/Project/Memory Product/backend/venv/lib/python3.12/site-packages/rest_framework/mixins.py\", line 46, in list\n    return Response(serializer.data)\n                    ^^^^^^^^^^^^^^^\n  File \"/Users/sunday/Documents/Project/Memory Product/backend/venv/lib/python3.12/site-packages/rest_framework/serializers.py\", line 809, in data\n    ret = super().data\n          ^^^^^^^^^^^^\n  File \"/Users/sunday/Documents/Project/Memory Product/backend/venv/lib/python3.12/site-packages/rest_framework/serializers.py\", line 251, in data\n    self._data = self.to_representation(self.instance)\n                 ^^^^^^^^^^^^^^^^^^^^^^^^^^^^^^^^^^^^^\n  File \"/Users/sunday/Documents/Project/Memory Product/backend/venv/lib/python3.12/site-packages/rest_framework/serializers.py\", line 728, in to_representation\n    self.child.to_representation(item) for item in iterable\n                                                   ^^^^^^^^\n  File \"/Users/sunday/Documents/Project/Memory Product/backend/venv/lib/python3.12/site-packages/django/db/models/query.py\", line 402, in __iter__\n    self._fetch_all()\n    ^^^^^^^^^^^^^^^^^\n  File \"/Users/sunday/Documents/Project/Memory Product/backend/venv/lib/python3.12/site-packages/django/db/models/query.py\", line 1933, in _fetch_all\n    self._result_cache = list(self._iterable_class(self))\n                         ^^^^^^^^^^^^^^^^^^^^^^^^^^^^^^^^\n  File \"/Users/sunday/Documents/Project/Memory Product/backend/venv/lib/python3.12/site-packages/django/db/models/query.py\", line 93, in __iter__\n    results = compiler.execute_sql(\n              \n  File \"/Users/sunday/Documents/Project/Memory Product/backend/venv/lib/python3.12/site-packages/django/db/models/sql/compiler.py\", line 1572, in execute_sql\n    cursor = self.connection.cursor()\n             ^^^^^^^^^^^^^^^^^^^^^^^^\n  File \"/Users/sunday/Documents/Project/Memory Product/backend/venv/lib/python3.12/site-packages/django/utils/asyncio.py\", line 26, in inner\n    return func(*args, **kwargs)\n           ^^^^^^^^^^^^^^^^^^^^^\n  File \"/Users/sunday/Documents/Project/Memory Product/backend/venv/lib/python3.12/site-packages/django/db/backends/base/base.py\", line 319, in cursor\n    return self._cursor()\n           ^^^^^^^^^^^^^^\n  File \"/Users/sunday/Documents/Project/Memory Product/backend/venv/lib/python3.12/site-packages/django/db/backends/base/base.py\", line 295, in _cursor\n    self.ensure_connection()\n    ^^^^^^^^^^^^^^^^^^^^^^^^\n  File \"/Users/sunday/Documents/Project/Memory Product/backend/venv/lib/python3.12/site-packages/django/utils/asyncio.py\", line 26, in inner\n    return func(*args, **kwargs)\n           ^^^^^^^^^^^^^^^^^^^^^\n  File \"/Users/sunday/Documents/Project/Memory Product/backend/venv/lib/python3.12/site-packages/django/db/backends/base/base.py\", line 277, in ensure_connection\n    with self.wrap_database_errors:\n         ^^^^^^^^^^^^^^^^^^^^^^^^^\n  File \"/Users/sunday/Documents/Project/Memory Product/backend/venv/lib/python3.12/site-packages/django/db/utils.py\", line 91, in __exit__\n    raise dj_exc_value.with_traceback(traceback) from exc_value\n    ^^^^^^^^^^^^^^^^^^^^^^^^^^^^^^^^^^^^^^^^^^^^^^^^^^^^^^^^^^^\n  File \"/Users/sunday/Documents/Project/Memory Product/backend/venv/lib/python3.12/site-packages/django/db/backends/base/base.py\", line 278, in ensure_connection\n    self.connect()\n    ^^^^^^^^^^^^^^\n  File \"/Users/sunday/Documents/Project/Memory Product/backend/venv/lib/python3.12/site-packages/django/utils/asyncio.py\", line 26, in inner\n    return func(*args, **kwargs)\n           ^^^^^^^^^^^^^^^^^^^^^\n  File \"/Users/sunday/Documents/Project/Memory Product/backend/venv/lib/python3.12/site-packages/django/db/backends/base/base.py\", line 255, in connect\n    self.connection = self.get_new_connection(conn_params)\n                      ^^^^^^^^^^^^^^^^^^^^^^^^^^^^^^^^^^^^\n  File \"/Users/sunday/Documents/Project/Memory Product/backend/venv/lib/python3.12/site-packages/django/utils/asyncio.py\", line 26, in inner\n    return func(*args, **kwargs)\n           ^^^^^^^^^^^^^^^^^^^^^\n  File \"/Users/sunday/Documents/Project/Memory Product/backend/venv/lib/python3.12/site-packages/django/db/backends/postgresql/base.py\", line 332, in get_new_connection\n    connection = self.Database.connect(**conn_params)\n                 ^^^^^^^^^^^^^^^^^^^^^^^^^^^^^^^^^^^^\n  File \"/Users/sunday/Documents/Project/Memory Product/backend/venv/lib/python3.12/site-packages/psycopg/connection.py\", line 100, in connect\n    attempts = conninfo_attempts(params)\n               ^^^^^^^^^^^^^^^^^^^^^^^^^\n  File \"/Users/sunday/Documents/Project/Memory Product/backend/venv/lib/python3.12/site-packages/psycopg/_conninfo_attempts.py\", line 55, in conninfo_attempts\n    raise last_exc\n    ^^^^^^^^^^^^^^\n\nException Type: OperationalError at /api/event-types/\nException Value: failed to resolve host 'aws-1-eu-central-1.pooler.supabase.com': [Errno 8] nodename nor servname provided, or not known\nRaised during: apps.event.views.event.EventTypeListView\nRequest information:\nUSER: AnonymousUser\n\nGET: No GET data\n\nPOST: No POST data\n\nFILES: No FILES data\n\nCOOKIES:\n__next_hmr_refresh_hash__ = '396'\ncsrftoken = '********************'\nsessionid = '********************'\naccess_token = '********************'\n\nMETA:\nANTIGRAVITY_CLI_ALIAS = 'agy-ide'\nAUTH_COOKIE_DOMAIN = 'localhost'\nAUTH_COOKIE_SECURE = 'False'\nBUNDLED_DEBUGPY_PATH = '/Users/sunday/.antigravity-ide/extensions/ms-python.debugpy-2026.6.0-darwin-arm64/bundled/libs/debugpy'\nCLAUDE_CODE_SSE_PORT = '36735'\nCLOUDINARY_API_KEY = '********************'\nCLOUDINARY_API_SECRET = '********************'\nCLOUDINARY_CLOUD_NAME = 'diuu6juk2'\nCOLORTERM = 'truecolor'\nCOMMAND_MODE = 'unix2003'\nCONTENT_LENGTH = ''\nCONTENT_TYPE = 'text/plain'\nCORS_ALLOWED_ORIGINS = 'http://localhost:3000'\nCSRF_COOKIE = 'LzXLbuX199NXLKESVdstRIOMdmfJXaZm'\nCSRF_TRUSTED_ORIGINS = 'http://localhost:3000'\nDATABASE_URL = 'postgresql://postgres.slvanemakaelexadiega:LetKeepMemory@2026!@aws-1-eu-central-1.pooler.supabase.com:6543/postgres'\nDEFAULT_FROM_EMAIL = 'Lets Keep Memories <no-reply@suavesystems.com>'\nDISPLAY = '/var/run/com.apple.launchd.19mbr0jVlv/org.xquartz:0'\nDJANGO_ALLOWED_HOSTS = 'localhost,127.0.0.1,localhost:3001,localhost:3000'\nDJANGO_SECRET_KEY = '********************'\nDJANGO_SETTINGS_MODULE = 'config.settings.dev'\nENV = 'local'\nFPATH = '/Users/sunday/.oh-my-zsh/plugins/git:/Users/sunday/.oh-my-zsh/functions:/Users/sunday/.oh-my-zsh/completions:/Users/sunday/.oh-my-zsh/custom/functions:/Users/sunday/.oh-my-zsh/custom/completions:/opt/homebrew/share/zsh/site-functions:/Users/sunday/.oh-my-zsh/plugins/git:/Users/sunday/.oh-my-zsh/functions:/Users/sunday/.oh-my-zsh/completions:/Users/sunday/.oh-my-zsh/custom/functions:/Users/sunday/.oh-my-zsh/custom/completions:/Users/sunday/.oh-my-zsh/cache/completions:/opt/homebrew/share/zsh/site-functions:/usr/local/share/zsh/site-functions:/usr/share/zsh/site-functions:/usr/share/zsh/5.9/functions'\nFRONTEND_URL = 'http://localhost:3000'\nGATEWAY_INTERFACE = 'CGI/1.1'\nGIT_ASKPASS = '********************'\nGOPATH = '/Users/sunday/go'\nHOME = '/Users/sunday'\nHOMEBREW_CELLAR = '/opt/homebrew/Cellar'\nHOMEBREW_PREFIX = '/opt/homebrew'\nHOMEBREW_REPOSITORY = '/opt/homebrew'\nHTTP_ACCEPT = 'application/json'\nHTTP_ACCEPT_ENCODING = 'gzip, deflate, br, zstd'\nHTTP_ACCEPT_LANGUAGE = 'en-NG,en;q=0.9'\nHTTP_CONNECTION = 'keep-alive'\nHTTP_COOKIE = '********************'\nHTTP_HOST = 'localhost:8000'\nHTTP_ORIGIN = 'http://localhost:3000'\nHTTP_REFERER = 'http://localhost:3000/'\nHTTP_SEC_CH_UA = '\"Google Chrome\";v=\"149\", \"Chromium\";v=\"149\", \"Not)A;Brand\";v=\"24\"'\nHTTP_SEC_CH_UA_MOBILE = '?0'\nHTTP_SEC_CH_UA_PLATFORM = '\"macOS\"'\nHTTP_SEC_FETCH_DEST = 'empty'\nHTTP_SEC_FETCH_MODE = 'cors'\nHTTP_SEC_FETCH_SITE = 'same-site'\nHTTP_USER_AGENT = 'Mozilla/5.0 (Macintosh; Intel Mac OS X 10_15_7) AppleWebKit/537.36 (KHTML, like Gecko) Chrome/149.0.0.0 Safari/537.36'\nINFOPATH = '/opt/homebrew/share/info:/opt/homebrew/share/info:'\nLANG = 'C.UTF-8'\nLESS = '-R'\nLOGNAME = 'sunday'\nLSCOLORS = 'Gxfxcxdxbxegedabagacad'\nLS_COLORS = 'di=1;36:ln=35:so=32:pi=33:ex=31:bd=34;46:cd=34;43:su=30;41:sg=30;46:tw=30;42:ow=30;43'\nMallocNanoZone = '0'\nNVM_BIN = '/Users/sunday/.nvm/versions/node/v22.11.0/bin'\nNVM_CD_FLAGS = '-q'\nNVM_DIR = '/Users/sunday/.nvm'\nNVM_INC = '/Users/sunday/.nvm/versions/node/v22.11.0/include/node'\nOLDPWD = '/Users/sunday/Documents/Project/Memory Product/backend'\nOPENAI_API_KEY = '********************'\nOSLogRateLimit = '64'\nPAGER = 'less'\nPATH = '/Users/sunday/Documents/Project/Memory Product/backend/venv/bin:/Users/sunday/.antigravity-ide/antigravity-ide/bin:/Users/sunday/.antigravity/antigravity/bin:/usr/local/bin/wrench:/opt/homebrew/opt/openjdk/bin:/Users/sunday/.nvm/versions/node/v22.11.0/bin:/Users/sunday/Documents/Mercurie/google-cloud-sdk/bin:/opt/homebrew/bin:/opt/homebrew/sbin:/usr/local/bin:/System/Cryptexes/App/usr/bin:/usr/bin:/bin:/usr/sbin:/sbin:/var/run/com.apple.security.cryptexd/codex.system/bootstrap/usr/local/bin:/var/run/com.apple.security.cryptexd/codex.system/bootstrap/usr/bin:/var/run/com.apple.security.cryptexd/codex.system/bootstrap/usr/appleinternal/bin:/opt/pkg/env/active/bin:/opt/pmk/env/global/bin:/opt/X11/bin:/Library/Apple/usr/bin:/usr/local/go/bin:/Users/sunday/.antigravity-ide/antigravity-ide/bin:/Users/sunday/.antigravity/antigravity/bin:/usr/local/bin/wrench:/opt/homebrew/opt/openjdk/bin:/Users/sunday/.nvm/versions/node/v22.11.0/bin:/Users/sunday/Documents/Mercurie/google-cloud-sdk/bin:/Users/sunday/.cargo/bin:/Users/sunday/.local/bin:/Applications/Visual Studio Code.app/Contents/Resources/app/bin:/Users/sunday/go/bin:/Users/sunday/.antigravity-ide/extensions/ms-python.debugpy-2026.6.0-darwin-arm64/bundled/scripts/noConfigScripts:/Applications/Visual Studio Code.app/Contents/Resources/app/bin:/Users/sunday/go/bin'\nPATH_INFO = '/api/event-types/'\nPAYSTACK_SECRET_KEY = '********************'\nPS1 = '((venv) ) %(?:%{\\x1b[01;32m%}%1{\u279c%} :%{\\x1b[01;31m%}%1{\u279c%} ) %{\\x1b[36m%}%c%{\\x1b[00m%} $(git_prompt_info)'\nPWD = '/Users/sunday/Documents/Project/Memory Product/backend'\nPYDEVD_DISABLE_FILE_VALIDATION = '1'\nPYTHONSTARTUP = '/Users/sunday/Library/Application Support/Antigravity IDE/User/workspaceStorage/3434cb836c92bb99989ad07df6a0e4a4/ms-python.python/pythonrc.py'\nPYTHON_BASIC_REPL = '1'\nQTERM_SESSION_ID = '77383e5afd444a279ffe46076639530a'\nQUERY_STRING = ''\nQ_SET_PARENT_CHECK = '1'\nQ_TERM = '2.8.1'\nREMOTE_ADDR = '127.0.0.1'\nREMOTE_HOST = ''\nREQUEST_METHOD = 'GET'\nRESEND_API_KEY = '********************'\nRUN_MAIN = 'true'\nSCRIPT_NAME = ''\nSERVER_NAME = '1.0.0.127.in-addr.arpa'\nSERVER_PORT = '8000'\nSERVER_PROTOCOL = 'HTTP/1.1'\nSERVER_SOFTWARE = 'WSGIServer/0.2'\nSHELL = '/bin/zsh'\nSHELL_PID = '5249'\nSHLVL = '1'\nSSH_AUTH_SOCK = '/var/run/com.apple.launchd.c3gaXvmRsN/Listeners'\nTERM = 'xterm-256color'\nTERM_PROGRAM = 'vscode'\nTERM_PROGRAM_VERSION = '1.107.0'\nTMPDIR = '/var/folders/m6/g0g5s7xj1bb0t_b07dntgz4r0000gn/T/'\nTTY = '/dev/ttys042'\nTZ = 'UTC'\nUSER = 'sunday'\nUSER_ZDOTDIR = '/Users/sunday'\nVIRTUAL_ENV = '/Users/sunday/Documents/Project/Memory Product/backend/venv'\nVIRTUAL_ENV_PROMPT = '(venv) '\nVSCODE_DEBUGPY_ADAPTER_ENDPOINTS = '/Users/sunday/.antigravity-ide/extensions/ms-python.debugpy-2026.6.0-darwin-arm64/.noConfigDebugAdapterEndpoints/endpoint-b1dabd37cc1f5828.txt'\nVSCODE_GIT_ASKPASS_EXTRA_ARGS = '********************'\nVSCODE_GIT_ASKPASS_MAIN = '********************'\nVSCODE_GIT_ASKPASS_NODE = '********************'\nVSCODE_GIT_IPC_HANDLE = '/var/folders/m6/g0g5s7xj1bb0t_b07dntgz4r0000gn/T/vscode-git-16de545c68.sock'\nVSCODE_INJECTION = '1'\nVSCODE_NONCE = 'a58ad72e-5301-43e7-b4b1-676944ac19fd'\nVSCODE_PROFILE_INITIALIZED = '1'\nXPC_FLAGS = '0x0'\nXPC_SERVICE_NAME = '0'\nZDOTDIR = '/Users/sunday'\nZSH = '/Users/sunday/.oh-my-zsh'\n_ = '/Users/sunday/Documents/Project/Memory Product/backend/venv/bin/python'\n__CFBundleIdentifier = 'com.google.antigravity-ide'\n__CF_USER_TEXT_ENCODING = '0x1F5:0x0:0x0'\nwsgi.errors = <_io.TextIOWrapper name='<stderr>' mode='w' encoding='utf-8'>\nwsgi.file_wrapper = <class 'wsgiref.util.FileWrapper'>\nwsgi.input = <django.core.handlers.wsgi.LimitedStream object at 0x10d637820>\nwsgi.multiprocess = False\nwsgi.multithread = True\nwsgi.run_once = False\nwsgi.url_scheme = 'http'\nwsgi.version = '(1, 0)'\n\nSettings:\nUsing settings module config.settings.dev\nABSOLUTE_URL_OVERRIDES = {}\nADMINS = []\nALLOWED_HOSTS = ['localhost', '127.0.0.1']\nAPPEND_SLASH = True\nASGI_APPLICATION = 'config.asgi.application'\nAUTHENTICATION_BACKENDS = ['django.contrib.auth.backends.ModelBackend']\nAUTH_COOKIE_ACCESS = 'access_token'\nAUTH_COOKIE_DOMAIN = 'localhost'\nAUTH_COOKIE_REFRESH = 'refresh_token'\nAUTH_COOKIE_SAMESITE = 'Lax'\nAUTH_COOKIE_SECURE = False\nAUTH_PASSWORD_VALIDATORS = '********************'\nAUTH_USER_MODEL = 'user.User'\nBASE_DIR = PosixPath('/Users/sunday/Documents/Project/Memory Product/backend')\nCACHES = {'default': {'BACKEND': 'django.core.cache.backends.locmem.LocMemCache'}}\nCACHE_MIDDLEWARE_ALIAS = 'default'\nCACHE_MIDDLEWARE_KEY_PREFIX = '********************'\nCACHE_MIDDLEWARE_SECONDS = 600\nCELERY_TASK_ALWAYS_EAGER = True\nCELERY_TASK_EAGER_PROPAGATES = True\nCLOUDINARY_API_KEY = '********************'\nCLOUDINARY_API_SECRET = '********************'\nCLOUDINARY_CLOUD_NAME = 'diuu6juk2'\nCORS_ALLOWED_ORIGINS = ['http://localhost:3000']\nCORS_ALLOW_CREDENTIALS = True\nCSRF_COOKIE_AGE = 31449600\nCSRF_COOKIE_DOMAIN = None\nCSRF_COOKIE_HTTPONLY = False\nCSRF_COOKIE_NAME = 'csrftoken'\nCSRF_COOKIE_PATH = '/'\nCSRF_COOKIE_SAMESITE = 'Lax'\nCSRF_COOKIE_SECURE = False\nCSRF_FAILURE_VIEW = 'django.views.csrf.csrf_failure'\nCSRF_HEADER_NAME = 'HTTP_X_CSRFTOKEN'\nCSRF_TRUSTED_ORIGINS = ['http://localhost:3000']\nCSRF_USE_SESSIONS = False\nDATABASES = {'default': {'NAME': 'postgres', 'USER': 'postgres.slvanemakaelexadiega', 'PASSWORD': '********************', 'HOST': 'aws-1-eu-central-1.pooler.supabase.com', 'PORT': 6543, 'ENGINE': 'django.db.backends.postgresql', 'ATOMIC_REQUESTS': False, 'AUTOCOMMIT': True, 'CONN_MAX_AGE': 0, 'CONN_HEALTH_CHECKS': False, 'OPTIONS': {}, 'TIME_ZONE': None, 'TEST': {'CHARSET': None, 'COLLATION': None, 'MIGRATE': True, 'MIRROR': None, 'NAME': None}}}\nDATABASE_ROUTERS = []\nDATA_UPLOAD_MAX_MEMORY_SIZE = 2621440\nDATA_UPLOAD_MAX_NUMBER_FIELDS = 1000\nDATA_UPLOAD_MAX_NUMBER_FILES = 100\nDATETIME_FORMAT = 'N j, Y, P'\nDATETIME_INPUT_FORMATS = ['%Y-%m-%d %H:%M:%S', '%Y-%m-%d %H:%M:%S.%f', '%Y-%m-%d %H:%M', '%m/%d/%Y %H:%M:%S', '%m/%d/%Y %H:%M:%S.%f', '%m/%d/%Y %H:%M', '%m/%d/%y %H:%M:%S', '%m/%d/%y %H:%M:%S.%f', '%m/%d/%y %H:%M']\nDATE_FORMAT = 'N j, Y'\nDATE_INPUT_FORMATS = ['%Y-%m-%d', '%m/%d/%Y', '%m/%d/%y', '%b %d %Y', '%b %d, %Y', '%d %b %Y', '%d %b, %Y', '%B %d %Y', '%B %d, %Y', '%d %B %Y', '%d %B, %Y']\nDEBUG = True\nDEBUG_PROPAGATE_EXCEPTIONS = False\nDECIMAL_SEPARATOR = '.'\nDEFAULT_AUTO_FIELD = 'django.db.models.BigAutoField'\nDEFAULT_CHARSET = 'utf-8'\nDEFAULT_EXCEPTION_REPORTER = 'django.views.debug.ExceptionReporter'\nDEFAULT_EXCEPTION_REPORTER_FILTER = 'django.views.debug.SafeExceptionReporterFilter'\nDEFAULT_FROM_EMAIL = 'Lets Keep Memories <no-reply@suavesystems.com>'\nDEFAULT_INDEX_TABLESPACE = ''\nDEFAULT_TABLESPACE = ''\nDISALLOWED_USER_AGENTS = []\nDJANGO_APPS = ['django.contrib.admin', 'django.contrib.auth', 'django.contrib.contenttypes', 'django.contrib.sessions', 'django.contrib.messages', 'django.contrib.staticfiles']\nEMAIL_BACKEND = 'django.core.mail.backends.smtp.EmailBackend'\nEMAIL_HOST = 'localhost'\nEMAIL_HOST_PASSWORD = '********************'\nEMAIL_HOST_USER = ''\nEMAIL_PORT = 25\nEMAIL_SSL_CERTFILE = None\nEMAIL_SSL_KEYFILE = '********************'\nEMAIL_SUBJECT_PREFIX = '[Django] '\nEMAIL_TIMEOUT = None\nEMAIL_USE_LOCALTIME = False\nEMAIL_USE_SSL = False\nEMAIL_USE_TLS = False\nENVIRONMENT = 'local'\nFILE_UPLOAD_DIRECTORY_PERMISSIONS = None\nFILE_UPLOAD_HANDLERS = ['django.core.files.uploadhandler.MemoryFileUploadHandler', 'django.core.files.uploadhandler.TemporaryFileUploadHandler']\nFILE_UPLOAD_MAX_MEMORY_SIZE = 2621440\nFILE_UPLOAD_PERMISSIONS = 420\nFILE_UPLOAD_TEMP_DIR = None\nFIRST_DAY_OF_WEEK = 0\nFIXTURE_DIRS = []\nFORCE_SCRIPT_NAME = None\nFORMAT_MODULE_PATH = None\nFORMS_URLFIELD_ASSUME_HTTPS = False\nFORM_RENDERER = 'django.forms.renderers.DjangoTemplates'\nFRONTEND_URL = 'http://localhost:3000'\nIGNORABLE_404_URLS = []\nINSTALLED_APPS = ['django.contrib.admin', 'django.contrib.auth', 'django.contrib.contenttypes', 'django.contrib.sessions', 'django.contrib.messages', 'django.contrib.staticfiles', 'rest_framework', 'rest_framework_simplejwt', 'rest_framework_simplejwt.token_blacklist', 'corsheaders', 'django_filters', 'drf_spectacular', 'apps.core', 'apps.user', 'apps.event', 'apps.subscription', 'apps.payment']\nINTERNAL_IPS = []\nLANGUAGES = [('af', 'Afrikaans'), ('ar', 'Arabic'), ('ar-dz', 'Algerian Arabic'), ('ast', 'Asturian'), ('az', 'Azerbaijani'), ('bg', 'Bulgarian'), ('be', 'Belarusian'), ('bn', 'Bengali'), ('br', 'Breton'), ('bs', 'Bosnian'), ('ca', 'Catalan'), ('ckb', 'Central Kurdish (Sorani)'), ('cs', 'Czech'), ('cy', 'Welsh'), ('da', 'Danish'), ('de', 'German'), ('dsb', 'Lower Sorbian'), ('el', 'Greek'), ('en', 'English'), ('en-au', 'Australian English'), ('en-gb', 'British English'), ('eo', 'Esperanto'), ('es', 'Spanish'), ('es-ar', 'Argentinian Spanish'), ('es-co', 'Colombian Spanish'), ('es-mx', 'Mexican Spanish'), ('es-ni', 'Nicaraguan Spanish'), ('es-ve', 'Venezuelan Spanish'), ('et', 'Estonian'), ('eu', 'Basque'), ('fa', 'Persian'), ('fi', 'Finnish'), ('fr', 'French'), ('fy', 'Frisian'), ('ga', 'Irish'), ('gd', 'Scottish Gaelic'), ('gl', 'Galician'), ('he', 'Hebrew'), ('hi', 'Hindi'), ('hr', 'Croatian'), ('hsb', 'Upper Sorbian'), ('hu', 'Hungarian'), ('hy', 'Armenian'), ('ia', 'Interlingua'), ('id', 'Indonesian'), ('ig', 'Igbo'), ('io', 'Ido'), ('is', 'Icelandic'), ('it', 'Italian'), ('ja', 'Japanese'), ('ka', 'Georgian'), ('kab', 'Kabyle'), ('kk', 'Kazakh'), ('km', 'Khmer'), ('kn', 'Kannada'), ('ko', 'Korean'), ('ky', 'Kyrgyz'), ('lb', 'Luxembourgish'), ('lt', 'Lithuanian'), ('lv', 'Latvian'), ('mk', 'Macedonian'), ('ml', 'Malayalam'), ('mn', 'Mongolian'), ('mr', 'Marathi'), ('ms', 'Malay'), ('my', 'Burmese'), ('nb', 'Norwegian Bokm\u00e5l'), ('ne', 'Nepali'), ('nl', 'Dutch'), ('nn', 'Norwegian Nynorsk'), ('os', 'Ossetic'), ('pa', 'Punjabi'), ('pl', 'Polish'), ('pt', 'Portuguese'), ('pt-br', 'Brazilian Portuguese'), ('ro', 'Romanian'), ('ru', 'Russian'), ('sk', 'Slovak'), ('sl', 'Slovenian'), ('sq', 'Albanian'), ('sr', 'Serbian'), ('sr-latn', 'Serbian Latin'), ('sv', 'Swedish'), ('sw', 'Swahili'), ('ta', 'Tamil'), ('te', 'Telugu'), ('tg', 'Tajik'), ('th', 'Thai'), ('tk', 'Turkmen'), ('tr', 'Turkish'), ('tt', 'Tatar'), ('udm', 'Udmurt'), ('ug', 'Uyghur'), ('uk', 'Ukrainian'), ('ur', 'Urdu'), ('uz', 'Uzbek'), ('vi', 'Vietnamese'), ('zh-hans', 'Simplified Chinese'), ('zh-hant', 'Traditional Chinese')]\nLANGUAGES_BIDI = ['he', 'ar', 'ar-dz', 'ckb', 'fa', 'ug', 'ur']\nLANGUAGE_CODE = 'en-us'\nLANGUAGE_COOKIE_AGE = None\nLANGUAGE_COOKIE_DOMAIN = None\nLANGUAGE_COOKIE_HTTPONLY = False\nLANGUAGE_COOKIE_NAME = 'django_language'\nLANGUAGE_COOKIE_PATH = '/'\nLANGUAGE_COOKIE_SAMESITE = None\nLANGUAGE_COOKIE_SECURE = False\nLOCALE_PATHS = []\nLOCAL_APPS = ['apps.core', 'apps.user', 'apps.event', 'apps.subscription', 'apps.payment']\nLOGGING = {'version': 1, 'disable_existing_loggers': False, 'handlers': {'console': {'class': 'logging.StreamHandler'}}, 'root': {'handlers': ['console'], 'level': 'INFO'}, 'loggers': {'django': {'handlers': ['console'], 'level': 'INFO', 'propagate': False}}}\nLOGGING_CONFIG = 'logging.config.dictConfig'\nLOGIN_REDIRECT_URL = '/accounts/profile/'\nLOGIN_URL = '/accounts/login/'\nLOGOUT_REDIRECT_URL = None\nMANAGERS = []\nMEDIA_ROOT = ''\nMEDIA_URL = '/'\nMESSAGE_STORAGE = 'django.contrib.messages.storage.fallback.FallbackStorage'\nMIDDLEWARE = ['django.middleware.security.SecurityMiddleware', 'whitenoise.middleware.WhiteNoiseMiddleware', 'corsheaders.middleware.CorsMiddleware', 'django.contrib.sessions.middleware.SessionMiddleware', 'django.middleware.common.CommonMiddleware', 'django.middleware.csrf.CsrfViewMiddleware', 'django.contrib.auth.middleware.AuthenticationMiddleware', 'django.contrib.messages.middleware.MessageMiddleware', 'django.middleware.clickjacking.XFrameOptionsMiddleware', 'apps.core.utils.middleware.ErrorTrackingMiddleware']\nMIGRATION_MODULES = {}\nMONTH_DAY_FORMAT = 'F j'\nNUMBER_GROUPING = 0\nOPENAI_API_KEY = '********************'\nPASSWORD_HASHERS = '********************'\nPASSWORD_RESET_TIMEOUT = '********************'\nPAYSTACK_SECRET_KEY = '********************'\nPREPEND_WWW = False\nRESEND_API_KEY = '********************'\nREST_FRAMEWORK = {'DEFAULT_AUTHENTICATION_CLASSES': ('apps.user.utils.authentication.CookieJWTAuthentication',), 'DEFAULT_PERMISSION_CLASSES': ('rest_framework.permissions.IsAuthenticated',), 'DEFAULT_PAGINATION_CLASS': 'apps.core.utils.pagination.DefaultPagination', 'PAGE_SIZE': 20, 'DEFAULT_FILTER_BACKENDS': ('django_filters.rest_framework.DjangoFilterBackend',), 'DEFAULT_THROTTLE_CLASSES': ('rest_framework.throttling.AnonRateThrottle', 'rest_framework.throttling.UserRateThrottle'), 'DEFAULT_THROTTLE_RATES': {'anon': '100/hour', 'user': '1000/hour', 'guest_wish': '20/hour', 'auth': '20/hour', 'otp_confirm': '10/hour'}, 'DEFAULT_SCHEMA_CLASS': 'drf_spectacular.openapi.AutoSchema', 'EXCEPTION_HANDLER': 'apps.core.utils.exceptions.api_exception_handler', 'DEFAULT_RENDERER_CLASSES': ('rest_framework.renderers.JSONRenderer',)}\nROOT_URLCONF = 'config.urls'\nSECRET_KEY = '********************'\nSECRET_KEY_FALLBACKS = '********************'\nSECURE_CONTENT_TYPE_NOSNIFF = True\nSECURE_CROSS_ORIGIN_OPENER_POLICY = 'same-origin'\nSECURE_HSTS_INCLUDE_SUBDOMAINS = False\nSECURE_HSTS_PRELOAD = False\nSECURE_HSTS_SECONDS = 0\nSECURE_PROXY_SSL_HEADER = None\nSECURE_REDIRECT_EXEMPT = []\nSECURE_REFERRER_POLICY = 'same-origin'\nSECURE_SSL_HOST = None\nSECURE_SSL_REDIRECT = False\nSERVER_EMAIL = 'root@localhost'\nSESSION_CACHE_ALIAS = 'default'\nSESSION_COOKIE_AGE = 1209600\nSESSION_COOKIE_DOMAIN = None\nSESSION_COOKIE_HTTPONLY = True\nSESSION_COOKIE_NAME = 'sessionid'\nSESSION_COOKIE_PATH = '/'\nSESSION_COOKIE_SAMESITE = 'Lax'\nSESSION_COOKIE_SECURE = False\nSESSION_ENGINE = 'django.contrib.sessions.backends.db'\nSESSION_EXPIRE_AT_BROWSER_CLOSE = False\nSESSION_FILE_PATH = None\nSESSION_SAVE_EVERY_REQUEST = False\nSESSION_SERIALIZER = 'django.contrib.sessions.serializers.JSONSerializer'\nSETTINGS_MODULE = 'config.settings.dev'\nSHORT_DATETIME_FORMAT = 'm/d/Y P'\nSHORT_DATE_FORMAT = 'm/d/Y'\nSIGNING_BACKEND = 'django.core.signing.TimestampSigner'\nSILENCED_SYSTEM_CHECKS = []\nSIMPLE_JWT = {'ACCESS_TOKEN_LIFETIME': '********************', 'REFRESH_TOKEN_LIFETIME': '********************', 'ROTATE_REFRESH_TOKENS': '********************', 'BLACKLIST_AFTER_ROTATION': True, 'UPDATE_LAST_LOGIN': True, 'AUTH_HEADER_TYPES': ('Bearer',)}\nSPECTACULAR_SETTINGS = {'TITLE': 'Lets Keep Memories API', 'DESCRIPTION': 'API for the Lets Keep Memories digital memory & celebration platform.', 'VERSION': '1.0.0', 'SERVE_INCLUDE_SCHEMA': False}\nSTATICFILES_DIRS = []\nSTATICFILES_FINDERS = ['django.contrib.staticfiles.finders.FileSystemFinder', 'django.contrib.staticfiles.finders.AppDirectoriesFinder']\nSTATIC_ROOT = PosixPath('/Users/sunday/Documents/Project/Memory Product/backend/staticfiles')\nSTATIC_URL = '/static/'\nSTORAGES = {'staticfiles': {'BACKEND': 'whitenoise.storage.CompressedManifestStaticFilesStorage'}}\nTEMPLATES = [{'BACKEND': 'django.template.backends.django.DjangoTemplates', 'DIRS': [PosixPath('/Users/sunday/Documents/Project/Memory Product/backend/templates')], 'APP_DIRS': True, 'OPTIONS': {'context_processors': ['django.template.context_processors.debug', 'django.template.context_processors.request', 'django.contrib.auth.context_processors.auth', 'django.contrib.messages.context_processors.messages']}}]\nTEST_NON_SERIALIZED_APPS = []\nTEST_RUNNER = 'django.test.runner.DiscoverRunner'\nTHIRD_PARTY_APPS = ['rest_framework', 'rest_framework_simplejwt', 'rest_framework_simplejwt.token_blacklist', 'corsheaders', 'django_filters', 'drf_spectacular']\nTHOUSAND_SEPARATOR = ','\nTIME_FORMAT = 'P'\nTIME_INPUT_FORMATS = ['%H:%M:%S', '%H:%M:%S.%f', '%H:%M']\nTIME_ZONE = 'UTC'\nUSE_I18N = True\nUSE_THOUSAND_SEPARATOR = False\nUSE_TZ = True\nUSE_X_FORWARDED_HOST = False\nUSE_X_FORWARDED_PORT = False\nWSGI_APPLICATION = 'config.wsgi.application'\nX_FRAME_OPTIONS = 'DENY'\nYEAR_MONTH_FORMAT = 'F Y'\n\n\nYou\u2019re seeing this error because you have DEBUG = True in your\nDjango settings file. Change that to False, and Django will\ndisplay a standard page generated by the handler for this status code.\n\n"}
